<html>
<body>
<pre>
<h1>µVision Build Log</h1>
<h2>Project:</h2>
C:\Users\Pride Lee\Desktop\2017\¶æ»ú²âÊÔ³ÌÐò\USER\Template.uvprojx
Project File Date:  08/11/2017

<h2>Output:</h2>
Build target 'Template'
compiling main.c...
linking...
Program Size: Code=11008 RO-data=424 RW-data=52 ZI-data=1836  
FromELF: creating hex file...
"..\OBJ\Template.axf" - 0 Error(s), 0 Warning(s).
Load "..\\OBJ\\Template.axf" 
Erase Done.
Programming Done.
Verify OK.
Application running ...
</pre>
</body>
</html>
ing Done.
Verify OK.
Application running ...
Load "..\\OBJ\\Template.axf" 
Erase Done.
Programming Done.
Verify OK.
Application running ...
