Product: MDK-ARM Professional 5.10
Component: ARM Compiler 5.04 update 1 (build 49)
Tool: armlink [5040049]

==============================================================================

Section Cross References

    main.o(.text) refers to misc.o(.text) for NVIC_PriorityGroupConfig
    main.o(.text) refers to delay.o(.text) for delay_init
    main.o(.text) refers to usart.o(.text) for uart_init
    main.o(.text) refers to usart3.o(.text) for uart3_init
    main.o(.text) refers to led.o(.text) for LED_Init
    main.o(.text) refers to beed.o(.text) for BEED_Init
    main.o(.text) refers to key.o(.text) for KEY_Init
    main.o(.text) refers to servopwmout.o(.text) for PWMOut_TIM12
    main.o(.text) refers to timer.o(.text) for Timer20msInit
    main.o(.text) refers to lcd.o(.text) for LCD_Init
    main.o(.text) refers to port.o(.text) for vPortEnterCritical
    main.o(.text) refers to ov7670.o(.text) for OV7670_Init
    main.o(.text) refers to target.o(.text) for Coordinate_Init
    main.o(.text) refers to noretval__2printf.o(.text) for __2printf
    main.o(.text) refers to app.o(.text) for AllAppInit
    main.o(.text) refers to tasks.o(.text) for vTaskStartScheduler
    main.o(.text) refers to main.o(.data) for Debug
    system_stm32f4xx.o(.text) refers to system_stm32f4xx.o(.data) for SystemCoreClock
    app.o(.text) refers to _printf_percent.o(.ARM.Collect$$_printf_percent$$00000000) for _printf_percent
    app.o(.text) refers to _printf_f.o(.ARM.Collect$$_printf_percent$$00000003) for _printf_f
    app.o(.text) refers to printf1.o(x$fpl$printf1) for _printf_fp_dec
    app.o(.text) refers to port.o(.text) for vPortEnterCritical
    app.o(.text) refers to function.o(.text) for Set_MotoDeg
    app.o(.text) refers to tasks.o(.text) for vTaskSuspend
    app.o(.text) refers to timer.o(.text) for TIM6Close
    app.o(.text) refers to lcd.o(.text) for LCD_Fill_onecolor
    app.o(.text) refers to delay.o(.text) for delay_ms
    app.o(.text) refers to queue.o(.text) for xQueueGenericReceive
    app.o(.text) refers to beed.o(.text) for BEED_1
    app.o(.text) refers to key.o(.text) for KEY_Scan
    app.o(.text) refers to pid.o(.data) for XIerror
    app.o(.text) refers to task1.o(.data) for Task1task_Handler
    app.o(.text) refers to task2.o(.data) for Task2task_Handler
    app.o(.text) refers to task3.o(.data) for Task3task_Handler
    app.o(.text) refers to task4.o(.data) for Task4task_Handler
    app.o(.text) refers to main.o(.data) for tasknum
    app.o(.text) refers to app.o(.data) for START
    app.o(.text) refers to usart.o(.data) for USART_RX_STA
    app.o(.text) refers to usart.o(.bss) for USART_RX_BUF
    app.o(.text) refers to f2d.o(x$fpl$f2d) for __aeabi_f2d
    app.o(.text) refers to noretval__2printf.o(.text) for __2printf
    app.o(.text) refers to usart3.o(.text) for printf_3_
    app.o(.text) refers to usart3.o(.data) for USART_RX_STA3
    app.o(.text) refers to usart3.o(.bss) for USART_RX_BUF3
    app.o(.text) refers to target.o(.bss) for REG
    app.o(.text) refers to ov7670.o(.bss) for target
    app.o(.text) refers to ov7670.o(.data) for Part
    app.o(.text) refers to task1.o(.text) for CreatTask1
    app.o(.text) refers to task2.o(.text) for CreatTask2
    app.o(.text) refers to task3.o(.text) for CreatTask3
    app.o(.text) refers to task4.o(.text) for CreatTask4
    function.o(.text) refers to _printf_percent.o(.ARM.Collect$$_printf_percent$$00000000) for _printf_percent
    function.o(.text) refers to _printf_d.o(.ARM.Collect$$_printf_percent$$00000009) for _printf_d
    function.o(.text) refers to _printf_dec.o(.text) for _printf_int_dec
    function.o(.text) refers to queue.o(.text) for xQueueGenericReceive
    function.o(.text) refers to servopwmout.o(.text) for SetTIM12Compare
    function.o(.text) refers to usart.o(.text) for printf_1_
    function.o(.text) refers to noretval__2printf.o(.text) for __2printf
    function.o(.text) refers to app.o(.data) for KEY1_CountSemaphore
    function.o(.text) refers to ov7670.o(.bss) for target
    task1.o(.text) refers to timer.o(.text) for TIM6Close
    task1.o(.text) refers to port.o(.text) for vPortEnterCritical
    task1.o(.text) refers to function.o(.text) for Set_MotoDeg
    task1.o(.text) refers to lcd.o(.text) for LCD_Display_Dir
    task1.o(.text) refers to queue.o(.text) for xQueueGenericReceive
    task1.o(.text) refers to ov7670.o(.text) for GetCoordinatData
    task1.o(.text) refers to target.o(.text) for Chack_Target
    task1.o(.text) refers to pid.o(.text) for X_PID
    task1.o(.text) refers to tasks.o(.text) for xTaskCreate
    task1.o(.text) refers to pid.o(.data) for XIerror
    task1.o(.text) refers to timer.o(.data) for TIMER_BinarySemaphore
    task1.o(.text) refers to task1.o(.data) for XON
    task1.o(.text) refers to ov7670.o(.bss) for target
    task1.o(.text) refers to main.o(.data) for Debug
    task2.o(.text) refers to tasks.o(.text) for xTaskCreate
    task2.o(.text) refers to task2.o(.data) for Task2task_Handler
[...]
    __rt_exit_prels_1                        0x0800028f   Thumb Code     0  rtexit2.o(.ARM.Collect$$rtexit$$00000002)
    __rt_exit_exit                           0x08000293   Thumb Code     0  rtexit2.o(.ARM.Collect$$rtexit$$00000004)
    SVC_Handler                              0x08000299   Thumb Code    28  port.o(.emb_text)
    __asm___6_port_c_39a90d8d__prvStartFirstTask 0x080002b9   Thumb Code    28  port.o(.emb_text)
    __asm___6_port_c_39a90d8d__prvEnableVFP  0x080002d9   Thumb Code    16  port.o(.emb_text)
    PendSV_Handler                           0x080002ed   Thumb Code    88  port.o(.emb_text)
    vPortGetIPSR                             0x08000349   Thumb Code     6  port.o(.emb_text)
    main                                     0x08000351   Thumb Code   286  main.o(.text)
    NMI_Handler                              0x080004b5   Thumb Code     2  stm32f4xx_it.o(.text)
    HardFault_Handler                        0x080004b7   Thumb Code     4  stm32f4xx_it.o(.text)
    MemManage_Handler                        0x080004bb   Thumb Code     4  stm32f4xx_it.o(.text)
    BusFault_Handler                         0x080004bf   Thumb Code     4  stm32f4xx_it.o(.text)
    UsageFault_Handler                       0x080004c3   Thumb Code     4  stm32f4xx_it.o(.text)
    DebugMon_Handler                         0x080004c7   Thumb Code     2  stm32f4xx_it.o(.text)
    SystemInit                               0x080005a5   Thumb Code    88  system_stm32f4xx.o(.text)
    SystemCoreClockUpdate                    0x080005fd   Thumb Code   174  system_stm32f4xx.o(.text)
    ClearTaskDATA                            0x080006d9   Thumb Code    22  app.o(.text)
    Starttask                                0x080006ef   Thumb Code   482  app.o(.text)
    LED1task                                 0x080008d1   Thumb Code    40  app.o(.text)
    LEDtask                                  0x080008f9   Thumb Code    24  app.o(.text)
    ENDtask                                  0x08000911   Thumb Code   166  app.o(.text)
    BEEPtask                                 0x080009b7   Thumb Code    24  app.o(.text)
    KEYtask                                  0x080009cf   Thumb Code   114  app.o(.text)
    DataOUTtask                              0x08000a41   Thumb Code    30  app.o(.text)
    DataINtask                               0x08000a5f   Thumb Code  2784  app.o(.text)
    AllAppInit                               0x0800153f   Thumb Code   354  app.o(.text)
    Get_KEY                                  0x08001759   Thumb Code   110  function.o(.text)
    beep                                     0x080017c7   Thumb Code    18  function.o(.text)
    led1                                     0x080017d9   Thumb Code    18  function.o(.text)
    Set_MotoDeg                              0x080017eb   Thumb Code    26  function.o(.text)
    OUTput                                   0x08001805   Thumb Code   192  function.o(.text)
    OUTPUT                                   0x080018c5   Thumb Code    18  function.o(.text)
    Task1task                                0x08001901   Thumb Code   414  task1.o(.text)
    CreatTask1                               0x08001a9f   Thumb Code    26  task1.o(.text)
    Task2task                                0x08001b05   Thumb Code     6  task2.o(.text)
    CreatTask2                               0x08001b0b   Thumb Code    26  task2.o(.text)
    Task3task                                0x08001b35   Thumb Code     6  task3.o(.text)
    CreatTask3                               0x08001b3b   Thumb Code    26  task3.o(.text)
    Task4task                                0x08001b65   Thumb Code     6  task4.o(.text)
    CreatTask4                               0x08001b6b   Thumb Code    26  task4.o(.text)
    SysTick_Handler                          0x08001b95   Thumb Code    16  delay.o(.text)
    delay_init                               0x08001ba5   Thumb Code    58  delay.o(.text)
    delay_us                                 0x08001bdf   Thumb Code    68  delay.o(.text)
    delay_ms                                 0x08001c23   Thumb Code    60  delay.o(.text)
    delay_xms                                0x08001c5f   Thumb Code    24  delay.o(.text)
    _sys_exit                                0x08001c81   Thumb Code     4  usart.o(.text)
    fputc                                    0x08001c85   Thumb Code    22  usart.o(.text)
    uart_init                                0x08001c9b   Thumb Code   166  usart.o(.text)
    USART1_IRQHandler                        0x08001d41   Thumb Code   122  usart.o(.text)
    printf_1_                                0x08001dbb   Thumb Code    42  usart.o(.text)
    uart3_init                               0x08001df5   Thumb Code   166  usart3.o(.text)
    USART3_IRQHandler                        0x08001e9b   Thumb Code   158  usart3.o(.text)
    printf_3_                                0x08001f39   Thumb Code    42  usart3.o(.text)
    LED_Init                                 0x08001f81   Thumb Code    24  led.o(.text)
    LED_set                                  0x08001f99   Thumb Code    36  led.o(.text)
    BEED_Init                                0x08001fc1   Thumb Code    54  beed.o(.text)
    BEED_1                                   0x08001ff7   Thumb Code    32  beed.o(.text)
    BEED_2                                   0x08002017   Thumb Code    70  beed.o(.text)
    BEED_3                                   0x0800205d   Thumb Code   100  beed.o(.text)
    KEY_Init                                 0x080020d1   Thumb Code    64  key.o(.text)
    KEY_Scan                                 0x08002111   Thumb Code   358  key.o(.text)
    LCD_WriteReg                             0x0800227d   Thumb Code    10  lcd.o(.text)
    LCD_ReadReg                              0x08002287   Thumb Code    22  lcd.o(.text)
    LCD_WriteRAM_Prepare                     0x0800229d   Thumb Code    10  lcd.o(.text)
    lcdm_delay                               0x080022a7   Thumb Code    14  lcd.o(.text)
    LCD_BGRtoRGB                             0x080022b5   Thumb Code    26  lcd.o(.text)
    LCD_SetCursor                            0x080022cf   Thumb Code    96  lcd.o(.text)
    LCD_GetPoint                             0x0800232f   Thumb Code   210  lcd.o(.text)
    LCD_DisplayOn                            0x08002401   Thumb Code    34  lcd.o(.text)
    LCD_DisplayOff                           0x08002423   Thumb Code    32  lcd.o(.text)
    LCD_AUTOScan_Dir                         0x08002443   Thumb Code   348  lcd.o(.text)
    LCD_Display_Dir                          0x0800259f   Thumb Code   156  lcd.o(.text)
    LCD_DrawPoint                            0x0800263b   Thumb Code    66  lcd.o(.text)
    LCD_Color_DrawPoint                      0x0800267d   Thumb Code   110  lcd.o(.text)
    LCD_Set_Window                           0x080026eb   Thumb Code   196  lcd.o(.text)
    LCD_FSMC_Config                          0x080027af   Thumb Code   530  lcd.o(.text)
    LCD_Clear                                0x080029c1   Thumb Code    50  lcd.o(.text)
    LCD_Init                                 0x080029f3   Thumb Code  1674  lcd.o(.text)
    LCD_Fill_onecolor                        0x0800307d   Thumb Code    82  lcd.o(.text)
    LCD_Draw_Picture                         0x080030cf   Thumb Code    94  lcd.o(.text)
    LCD_Draw_Line                            0x0800312d   Thumb Code   176  lcd.o(.text)
    LCD_Draw_Rectangle                       0x080031dd   Thumb Code    60  lcd.o(.text)
    LCD_Draw_Circle                          0x08003219   Thumb Code   152  lcd.o(.text)
    LCD_DisplayChar                          0x080032b1   Thumb Code   230  lcd.o(.text)
    LCD_Pow                                  0x08003397   Thumb Code    22  lcd.o(.text)
    LCD_DisplayNum                           0x080033ad   Thumb Code   208  lcd.o(.text)
    LCD_DisplayNum_color                     0x0800347d   Thumb Code    78  lcd.o(.text)
    LCD_DisplayString                        0x080034cb   Thumb Code    64  lcd.o(.text)
    LCD_DisplayString_color                  0x0800350b   Thumb Code    68  lcd.o(.text)
    Timer20msInit                            0x0800355d   Thumb Code   120  timer.o(.text)
    TIM6_DAC_IRQHandler                      0x080035d5   Thumb Code    52  timer.o(.text)
    TIM6Open                                 0x08003609   Thumb Code    14  timer.o(.text)
    TIM6Close                                0x08003617   Thumb Code    16  timer.o(.text)
    X_PID                                    0x08003635   Thumb Code   374  pid.o(.text)
    Y_PID                                    0x080037ab   Thumb Code   372  pid.o(.text)
    moto                                     0x0800391f   Thumb Code    84  pid.o(.text)
    SetPID                                   0x08003973   Thumb Code    30  pid.o(.text)
    GPIO_GeneralOutInit                      0x080039d9   Thumb Code   158  gpio.o(.text)
    GPIO_GeneralInInit                       0x08003a77   Thumb Code   164  gpio.o(.text)
    EXTI_GeneralInInit                       0x08003b1b   Thumb Code   448  gpio.o(.text)
    PWMOut_TIM9                              0x08003cf9   Thumb Code   180  servopwmout.o(.text)
    PWMOut_TIM12                             0x08003dad   Thumb Code   182  servopwmout.o(.text)
    SetPWMDuty_TIM9                          0x08003e63   Thumb Code    52  servopwmout.o(.text)
    SetPWMDuty_TIM12                         0x08003e97   Thumb Code    52  servopwmout.o(.text)
    TIM9Change                               0x08003ecb   Thumb Code    36  servopwmout.o(.text)
    TIM12Change                              0x08003eef   Thumb Code    36  servopwmout.o(.text)
    SetTIM9Compare                           0x08003f13   Thumb Code    34  servopwmout.o(.text)
    SetTIM12Compare                          0x08003f35   Thumb Code    34  servopwmout.o(.text)
    GPIO_Config                              0x08003f71   Thumb Code   264  ov7670.o(.text)
    OV7670_Init                              0x08004079   Thumb Code   104  ov7670.o(.text)
    EXTI4_IRQHandler                         0x080040e1   Thumb Code    86  ov7670.o(.text)
    Show_FIFO_DATA                           0x08004137   Thumb Code   302  ov7670.o(.text)
    OV7670_Light_Mode                        0x08004265   Thumb Code    92  ov7670.o(.text)
    OV7670_Color_Saturation                  0x080042c1   Thumb Code   122  ov7670.o(.text)
    OV7670_Brightness                        0x0800433b   Thumb Code    50  ov7670.o(.text)
    OV7670_Contrast                          0x0800436d   Thumb Code    84  ov7670.o(.text)
    OV7670_Special_Effects                   0x080043c1   Thumb Code   106  ov7670.o(.text)
    OV7670_Window_Set                        0x0800442b   Thumb Code   138  ov7670.o(.text)
    GetCoordinatData                         0x080044b5   Thumb Code    24  ov7670.o(.text)
    SCCB_Init                                0x080044cd   Thumb Code    60  sccb.o(.text)
    SCCB_Start                               0x08004509   Thumb Code    42  sccb.o(.text)
    SCCB_Stop                                0x08004533   Thumb Code    42  sccb.o(.text)
    SCCB_No_Ack                              0x0800455d   Thumb Code    56  sccb.o(.text)
    SCCB_WR_Byte                             0x08004595   Thumb Code   190  sccb.o(.text)
    SCCB_RD_Byte                             0x08004653   Thumb Code   140  sccb.o(.text)
    SCCB_WR_Reg                              0x080046df   Thumb Code    62  sccb.o(.text)
    SCCB_RD_Reg                              0x0800471d   Thumb Code    78  sccb.o(.text)
    Set_Centre                               0x08004779   Thumb Code    56  target.o(.text)
    Set_L_Up                                 0x080047b1   Thumb Code    96  target.o(.text)
    Set_L_Dw                                 0x08004811   Thumb Code    96  target.o(.text)
    Set_R_Up                                 0x08004871   Thumb Code    96  target.o(.text)
    Set_R_Dw                                 0x080048d1   Thumb Code    96  target.o(.text)
    Set_Target                               0x08004931   Thumb Code    82  target.o(.text)
    Target_Data_Init                         0x08004983   Thumb Code    18  target.o(.text)
    Show_target                              0x08004995   Thumb Code   142  target.o(.text)
    Chack_Target                             0x08004a23   Thumb Code    42  target.o(.text)
    Coordinate_Init                          0x08004a4d   Thumb Code    76  target.o(.text)
    NVIC_PriorityGroupConfig                 0x08004aa1   Thumb Code    10  misc.o(.text)
    NVIC_Init                                0x08004aab   Thumb Code   106  misc.o(.text)
    NVIC_SetVectorTable                      0x08004b15   Thumb Code    14  misc.o(.text)
    NVIC_SystemLPConfig                      0x08004b23   Thumb Code    34  misc.o(.text)
    SysTick_CLKSourceConfig                  0x08004b45   Thumb Code    40  misc.o(.text)
    EXTI_DeInit                              0x08004b81   Thumb Code    28  stm32f4xx_exti.o(.text)
    EXTI_Init                                0x08004b9d   Thumb Code   142  stm32f4xx_exti.o(.text)
    EXTI_StructInit                          0x08004c2b   Thumb Code    16  stm32f4xx_exti.o(.text)
    EXTI_GenerateSWInterrupt                 0x08004c3b   Thumb Code    16  stm32f4xx_exti.o(.text)
    EXTI_GetFlagStatus                       0x08004c4b   Thumb Code    22  stm32f4xx_exti.o(.text)
    EXTI_ClearFlag                           0x08004c61   Thumb Code     8  stm32f4xx_exti.o(.text)
    EXTI_GetITStatus                         0x08004c69   Thumb Code    22  stm32f4xx_exti.o(.text)
    EXTI_ClearITPendingBit                   0x08004c7f   Thumb Code     8  stm32f4xx_exti.o(.text)
    FSMC_NORSRAMDeInit                       0x08004c91   Thumb Code    54  stm32f4xx_fsmc.o(.text)
    FSMC_NORSRAMInit                         0x08004cc7   Thumb Code   230  stm32f4xx_fsmc.o(.text)
    FSMC_NORSRAMStructInit                   0x08004dad   Thumb Code    48  stm32f4xx_fsmc.o(.text)
    FSMC_NORSRAMCmd                          0x08004ddd   Thumb Code    46  stm32f4xx_fsmc.o(.text)
    FSMC_NANDDeInit                          0x08004e0b   Thumb Code    62  stm32f4xx_fsmc.o(.text)
    FSMC_NANDInit                            0x08004e49   Thumb Code   132  stm32f4xx_fsmc.o(.text)
    FSMC_NANDStructInit                      0x08004ecd   Thumb Code    54  stm32f4xx_fsmc.o(.text)
    FSMC_NANDCmd                             0x08004f03   Thumb Code    86  stm32f4xx_fsmc.o(.text)
    FSMC_NANDECCCmd                          0x08004f59   Thumb Code    86  stm32f4xx_fsmc.o(.text)
    FSMC_GetECC                              0x08004faf   Thumb Code    24  stm32f4xx_fsmc.o(.text)
    FSMC_PCCARDDeInit                        0x08004fc7   Thumb Code    36  stm32f4xx_fsmc.o(.text)
    FSMC_PCCARDInit                          0x08004feb   Thumb Code   130  stm32f4xx_fsmc.o(.text)
    FSMC_PCCARDStructInit                    0x0800506d   Thumb Code    60  stm32f4xx_fsmc.o(.text)
    FSMC_PCCARDCmd                           0x080050a9   Thumb Code    44  stm32f4xx_fsmc.o(.text)
    FSMC_ITConfig                            0x080050d5   Thumb Code   128  stm32f4xx_fsmc.o(.text)
    FSMC_GetFlagStatus                       0x08005155   Thumb Code    54  stm32f4xx_fsmc.o(.text)
    FSMC_ClearFlag                           0x0800518b   Thumb Code    74  stm32f4xx_fsmc.o(.text)
    FSMC_GetITStatus                         0x080051d5   Thumb Code    62  stm32f4xx_fsmc.o(.text)
    FSMC_ClearITPendingBit                   0x08005213   Thumb Code    66  stm32f4xx_fsmc.o(.text)
    GPIO_DeInit                              0x08005259   Thumb Code   268  stm32f4xx_gpio.o(.text)
    GPIO_Init                                0x08005365   Thumb Code   144  stm32f4xx_gpio.o(.text)
    GPIO_StructInit                          0x080053f5   Thumb Code    18  stm32f4xx_gpio.o(.text)
    GPIO_PinLockConfig                       0x08005407   Thumb Code    34  stm32f4xx_gpio.o(.text)
    GPIO_ReadInputDataBit                    0x08005429   Thumb Code    18  stm32f4xx_gpio.o(.text)
    GPIO_ReadInputData                       0x0800543b   Thumb Code     8  stm32f4xx_gpio.o(.text)
    GPIO_ReadOutputDataBit                   0x08005443   Thumb Code    18  stm32f4xx_gpio.o(.text)
    GPIO_ReadOutputData                      0x08005455   Thumb Code     8  stm32f4xx_gpio.o(.text)
    GPIO_SetBits                             0x0800545d   Thumb Code     4  stm32f4xx_gpio.o(.text)
    GPIO_ResetBits                           0x08005461   Thumb Code     4  stm32f4xx_gpio.o(.text)
    GPIO_WriteBit                            0x08005465   Thumb Code    10  stm32f4xx_gpio.o(.text)
    GPIO_Write                               0x0800546f   Thumb Code     4  stm32f4xx_gpio.o(.text)
    GPIO_ToggleBits                          0x08005473   Thumb Code     8  stm32f4xx_gpio.o(.text)
    GPIO_PinAFConfig                         0x0800547b   Thumb Code    70  stm32f4xx_gpio.o(.text)
    RCC_DeInit                               0x080054ed   Thumb Code    82  stm32f4xx_rcc.o(.text)
    RCC_HSEConfig                            0x0800553f   Thumb Code    14  stm32f4xx_rcc.o(.text)
    RCC_GetFlagStatus                        0x0800554d   Thumb Code    60  stm32f4xx_rcc.o(.text)
    RCC_WaitForHSEStartUp                    0x08005589   Thumb Code    56  stm32f4xx_rcc.o(.text)
    RCC_AdjustHSICalibrationValue            0x080055c1   Thumb Code    20  stm32f4xx_rcc.o(.text)
    RCC_HSICmd                               0x080055d5   Thumb Code     6  stm32f4xx_rcc.o(.text)
    RCC_LSEConfig                            0x080055db   Thumb Code    46  stm32f4xx_rcc.o(.text)
    RCC_LSICmd                               0x08005609   Thumb Code     6  stm32f4xx_rcc.o(.text)
    RCC_PLLConfig                            0x0800560f   Thumb Code    32  stm32f4xx_rcc.o(.text)
    RCC_PLLCmd                               0x0800562f   Thumb Code     6  stm32f4xx_rcc.o(.text)
    RCC_PLLI2SConfig                         0x08005635   Thumb Code    14  stm32f4xx_rcc.o(.text)
    RCC_PLLI2SCmd                            0x08005643   Thumb Code     6  stm32f4xx_rcc.o(.text)
    RCC_PLLSAIConfig                         0x08005649   Thumb Code    20  stm32f4xx_rcc.o(.text)
    RCC_PLLSAICmd                            0x0800565d   Thumb Code     6  stm32f4xx_rcc.o(.text)
    RCC_ClockSecuritySystemCmd               0x08005663   Thumb Code     6  stm32f4xx_rcc.o(.text)
    RCC_MCO1Config                           0x08005669   Thumb Code    28  stm32f4xx_rcc.o(.text)
    RCC_MCO2Config                           0x08005685   Thumb Code    28  stm32f4xx_rcc.o(.text)
    RCC_SYSCLKConfig                         0x080056a1   Thumb Code    20  stm32f4xx_rcc.o(.text)
    RCC_GetSYSCLKSource                      0x080056b5   Thumb Code    12  stm32f4xx_rcc.o(.text)
    RCC_HCLKConfig                           0x080056c1   Thumb Code    20  stm32f4xx_rcc.o(.text)
    RCC_PCLK1Config                          0x080056d5   Thumb Code    20  stm32f4xx_rcc.o(.text)
    RCC_PCLK2Config                          0x080056e9   Thumb Code    22  stm32f4xx_rcc.o(.text)
    RCC_GetClocksFreq                        0x080056ff   Thumb Code   222  stm32f4xx_rcc.o(.text)
    RCC_RTCCLKConfig                         0x080057dd   Thumb Code    54  stm32f4xx_rcc.o(.text)
    RCC_RTCCLKCmd                            0x08005813   Thumb Code     8  stm32f4xx_rcc.o(.text)
    RCC_BackupResetCmd                       0x0800581b   Thumb Code     8  stm32f4xx_rcc.o(.text)
    RCC_I2SCLKConfig                         0x08005823   Thumb Code     6  stm32f4xx_rcc.o(.text)
    RCC_SAIPLLI2SClkDivConfig                0x08005829   Thumb Code    26  stm32f4xx_rcc.o(.text)
    RCC_SAIPLLSAIClkDivConfig                0x08005843   Thumb Code    28  stm32f4xx_rcc.o(.text)
    RCC_SAIBlockACLKConfig                   0x0800585f   Thumb Code    20  stm32f4xx_rcc.o(.text)
    RCC_SAIBlockBCLKConfig                   0x08005873   Thumb Code    20  stm32f4xx_rcc.o(.text)
    RCC_LTDCCLKDivConfig                     0x08005887   Thumb Code    20  stm32f4xx_rcc.o(.text)
    RCC_TIMCLKPresConfig                     0x0800589b   Thumb Code     6  stm32f4xx_rcc.o(.text)
    RCC_AHB1PeriphClockCmd                   0x080058a1   Thumb Code    34  stm32f4xx_rcc.o(.text)
    RCC_AHB2PeriphClockCmd                   0x080058c3   Thumb Code    78  stm32f4xx_rcc.o(.text)
    RCC_AHB3PeriphClockCmd                   0x08005911   Thumb Code    34  stm32f4xx_rcc.o(.text)
    RCC_APB1PeriphClockCmd                   0x08005933   Thumb Code    34  stm32f4xx_rcc.o(.text)
    RCC_APB2PeriphClockCmd                   0x08005955   Thumb Code    34  stm32f4xx_rcc.o(.text)
    RCC_AHB1PeriphResetCmd                   0x08005977   Thumb Code    34  stm32f4xx_rcc.o(.text)
    RCC_AHB2PeriphResetCmd                   0x08005999   Thumb Code    34  stm32f4xx_rcc.o(.text)
    RCC_AHB3PeriphResetCmd                   0x080059bb   Thumb Code    34  stm32f4xx_rcc.o(.text)
    RCC_APB1PeriphResetCmd                   0x080059dd   Thumb Code    34  stm32f4xx_rcc.o(.text)
    RCC_APB2PeriphResetCmd                   0x080059ff   Thumb Code    34  stm32f4xx_rcc.o(.text)
    RCC_AHB1PeriphClockLPModeCmd             0x08005a21   Thumb Code    34  stm32f4xx_rcc.o(.text)
    RCC_AHB2PeriphClockLPModeCmd             0x08005a43   Thumb Code    34  stm32f4xx_rcc.o(.text)
    RCC_AHB3PeriphClockLPModeCmd             0x08005a65   Thumb Code    34  stm32f4xx_rcc.o(.text)
    RCC_APB1PeriphClockLPModeCmd             0x08005a87   Thumb Code    34  stm32f4xx_rcc.o(.text)
    RCC_APB2PeriphClockLPModeCmd             0x08005aa9   Thumb Code    34  stm32f4xx_rcc.o(.text)
    RCC_LSEModeConfig                        0x08005acb   Thumb Code    40  stm32f4xx_rcc.o(.text)
    RCC_ITConfig                             0x08005af3   Thumb Code    34  stm32f4xx_rcc.o(.text)
    RCC_ClearFlag                            0x08005b15   Thumb Code    18  stm32f4xx_rcc.o(.text)
    RCC_GetITStatus                          0x08005b27   Thumb Code    22  stm32f4xx_rcc.o(.text)
    RCC_ClearITPendingBit                    0x08005b3d   Thumb Code     8  stm32f4xx_rcc.o(.text)
    SYSCFG_DeInit                            0x08005b49   Thumb Code    22  stm32f4xx_syscfg.o(.text)
    SYSCFG_MemoryRemapConfig                 0x08005b5f   Thumb Code     6  stm32f4xx_syscfg.o(.text)
    SYSCFG_MemorySwappingBank                0x08005b65   Thumb Code     6  stm32f4xx_syscfg.o(.text)
    SYSCFG_EXTILineConfig                    0x08005b6b   Thumb Code    66  stm32f4xx_syscfg.o(.text)
    SYSCFG_ETH_MediaInterfaceConfig          0x08005bad   Thumb Code     8  stm32f4xx_syscfg.o(.text)
    SYSCFG_CompensationCellCmd               0x08005bb5   Thumb Code     6  stm32f4xx_syscfg.o(.text)
    SYSCFG_GetCompensationCellStatus         0x08005bbb   Thumb Code    22  stm32f4xx_syscfg.o(.text)
    TIM_DeInit                               0x08005bdd   Thumb Code   346  stm32f4xx_tim.o(.text)
    TIM_TimeBaseInit                         0x08005d37   Thumb Code   104  stm32f4xx_tim.o(.text)
    TIM_TimeBaseStructInit                   0x08005d9f   Thumb Code    18  stm32f4xx_tim.o(.text)
    TIM_PrescalerConfig                      0x08005db1   Thumb Code     6  stm32f4xx_tim.o(.text)
    TIM_CounterModeConfig                    0x08005db7   Thumb Code    18  stm32f4xx_tim.o(.text)
    TIM_SetCounter                           0x08005dc9   Thumb Code     4  stm32f4xx_tim.o(.text)
    TIM_SetAutoreload                        0x08005dcd   Thumb Code     4  stm32f4xx_tim.o(.text)
    TIM_GetCounter                           0x08005dd1   Thumb Code     6  stm32f4xx_tim.o(.text)
    TIM_GetPrescaler                         0x08005dd7   Thumb Code     6  stm32f4xx_tim.o(.text)
    TIM_UpdateDisableConfig                  0x08005ddd   Thumb Code    24  stm32f4xx_tim.o(.text)
    TIM_UpdateRequestConfig                  0x08005df5   Thumb Code    24  stm32f4xx_tim.o(.text)
    TIM_ARRPreloadConfig                     0x08005e0d   Thumb Code    24  stm32f4xx_tim.o(.text)
    TIM_SelectOnePulseMode                   0x08005e25   Thumb Code    18  stm32f4xx_tim.o(.text)
    TIM_SetClockDivision                     0x08005e37   Thumb Code    18  stm32f4xx_tim.o(.text)
    TIM_Cmd                                  0x08005e49   Thumb Code    24  stm32f4xx_tim.o(.text)
    TIM_OC1Init                              0x08005e61   Thumb Code   114  stm32f4xx_tim.o(.text)
    TIM_OC2Init                              0x08005ed3   Thumb Code   154  stm32f4xx_tim.o(.text)
    TIM_OC3Init                              0x08005f6d   Thumb Code   204  stm32f4xx_tim.o(.text)
    TIM_OC4Init                              0x08006039   Thumb Code   112  stm32f4xx_tim.o(.text)
    TIM_OCStructInit                         0x080060a9   Thumb Code    20  stm32f4xx_tim.o(.text)
    TIM_SelectOCxM                           0x080060bd   Thumb Code    86  stm32f4xx_tim.o(.text)
    TIM_SetCompare1                          0x08006113   Thumb Code     4  stm32f4xx_tim.o(.text)
    TIM_SetCompare2                          0x08006117   Thumb Code     4  stm32f4xx_tim.o(.text)
    TIM_SetCompare3                          0x0800611b   Thumb Code     4  stm32f4xx_tim.o(.text)
    TIM_SetCompare4                          0x0800611f   Thumb Code     4  stm32f4xx_tim.o(.text)
    TIM_ForcedOC1Config                      0x08006123   Thumb Code    18  stm32f4xx_tim.o(.text)
    TIM_ForcedOC2Config                      0x08006135   Thumb Code    26  stm32f4xx_tim.o(.text)
    TIM_ForcedOC3Config                      0x0800614f   Thumb Code    18  stm32f4xx_tim.o(.text)
    TIM_ForcedOC4Config                      0x08006161   Thumb Code    26  stm32f4xx_tim.o(.text)
    TIM_OC1PreloadConfig                     0x0800617b   Thumb Code    18  stm32f4xx_tim.o(.text)
    TIM_OC2PreloadConfig                     0x0800618d   Thumb Code    26  stm32f4xx_tim.o(.text)
    TIM_OC3PreloadConfig                     0x080061a7   Thumb Code    18  stm32f4xx_tim.o(.text)
    TIM_OC4PreloadConfig                     0x080061b9   Thumb Code    26  stm32f4xx_tim.o(.text)
    TIM_OC1FastConfig                        0x080061d3   Thumb Code    18  stm32f4xx_tim.o(.text)
    TIM_OC2FastConfig                        0x080061e5   Thumb Code    26  stm32f4xx_tim.o(.text)
    TIM_OC3FastConfig                        0x080061ff   Thumb Code    18  stm32f4xx_tim.o(.text)
    TIM_OC4FastConfig                        0x08006211   Thumb Code    26  stm32f4xx_tim.o(.text)
    TIM_ClearOC1Ref                          0x0800622b   Thumb Code    18  stm32f4xx_tim.o(.text)
    TIM_ClearOC2Ref                          0x0800623d   Thumb Code    24  stm32f4xx_tim.o(.text)
    TIM_ClearOC3Ref                          0x08006255   Thumb Code    18  stm32f4xx_tim.o(.text)
    TIM_ClearOC4Ref                          0x08006267   Thumb Code    24  stm32f4xx_tim.o(.text)
    TIM_OC1PolarityConfig                    0x0800627f   Thumb Code    18  stm32f4xx_tim.o(.text)
    TIM_OC1NPolarityConfig                   0x08006291   Thumb Code    18  stm32f4xx_tim.o(.text)
    TIM_OC2PolarityConfig                    0x080062a3   Thumb Code    26  stm32f4xx_tim.o(.text)
    TIM_OC2NPolarityConfig                   0x080062bd   Thumb Code    26  stm32f4xx_tim.o(.text)
    TIM_OC3PolarityConfig                    0x080062d7   Thumb Code    26  stm32f4xx_tim.o(.text)
    TIM_OC3NPolarityConfig                   0x080062f1   Thumb Code    26  stm32f4xx_tim.o(.text)
    TIM_OC4PolarityConfig                    0x0800630b   Thumb Code    26  stm32f4xx_tim.o(.text)
    TIM_CCxCmd                               0x08006325   Thumb Code    30  stm32f4xx_tim.o(.text)
    TIM_CCxNCmd                              0x08006343   Thumb Code    30  stm32f4xx_tim.o(.text)
    TIM_SetIC4Prescaler                      0x08006361   Thumb Code    26  stm32f4xx_tim.o(.text)
    TIM_SetIC3Prescaler                      0x080063cb   Thumb Code    18  stm32f4xx_tim.o(.text)
    TIM_SetIC2Prescaler                      0x08006425   Thumb Code    26  stm32f4xx_tim.o(.text)
    TIM_SetIC1Prescaler                      0x08006499   Thumb Code    18  stm32f4xx_tim.o(.text)
    TIM_ICInit                               0x080064e5   Thumb Code   110  stm32f4xx_tim.o(.text)
    TIM_ICStructInit                         0x08006553   Thumb Code    18  stm32f4xx_tim.o(.text)
    TIM_PWMIConfig                           0x08006565   Thumb Code   124  stm32f4xx_tim.o(.text)
    TIM_GetCapture1                          0x080065e1   Thumb Code     6  stm32f4xx_tim.o(.text)
    TIM_GetCapture2                          0x080065e7   Thumb Code     6  stm32f4xx_tim.o(.text)
    TIM_GetCapture3                          0x080065ed   Thumb Code     6  stm32f4xx_tim.o(.text)
    TIM_GetCapture4                          0x080065f3   Thumb Code     6  stm32f4xx_tim.o(.text)
    TIM_BDTRConfig                           0x080065f9   Thumb Code    32  stm32f4xx_tim.o(.text)
    TIM_BDTRStructInit                       0x08006619   Thumb Code    18  stm32f4xx_tim.o(.text)
    TIM_CtrlPWMOutputs                       0x0800662b   Thumb Code    30  stm32f4xx_tim.o(.text)
    TIM_SelectCOM                            0x08006649   Thumb Code    24  stm32f4xx_tim.o(.text)
    TIM_CCPreloadControl                     0x08006661   Thumb Code    24  stm32f4xx_tim.o(.text)
    TIM_ITConfig                             0x08006679   Thumb Code    18  stm32f4xx_tim.o(.text)
    TIM_GenerateEvent                        0x0800668b   Thumb Code     4  stm32f4xx_tim.o(.text)
    TIM_GetFlagStatus                        0x0800668f   Thumb Code    18  stm32f4xx_tim.o(.text)
    TIM_ClearFlag                            0x080066a1   Thumb Code     6  stm32f4xx_tim.o(.text)
    TIM_GetITStatus                          0x080066a7   Thumb Code    34  stm32f4xx_tim.o(.text)
    TIM_ClearITPendingBit                    0x080066c9   Thumb Code     6  stm32f4xx_tim.o(.text)
    TIM_DMAConfig                            0x080066cf   Thumb Code    10  stm32f4xx_tim.o(.text)
    TIM_DMACmd                               0x080066d9   Thumb Code    18  stm32f4xx_tim.o(.text)
    TIM_SelectCCDMA                          0x080066eb   Thumb Code    24  stm32f4xx_tim.o(.text)
    TIM_InternalClockConfig                  0x08006703   Thumb Code    12  stm32f4xx_tim.o(.text)
    TIM_SelectInputTrigger                   0x0800670f   Thumb Code    18  stm32f4xx_tim.o(.text)
    TIM_ITRxExternalClockConfig              0x08006721   Thumb Code    24  stm32f4xx_tim.o(.text)
    TIM_TIxExternalClockConfig               0x08006739   Thumb Code    62  stm32f4xx_tim.o(.text)
    TIM_ETRConfig                            0x08006777   Thumb Code    28  stm32f4xx_tim.o(.text)
    TIM_ETRClockMode1Config                  0x08006793   Thumb Code    54  stm32f4xx_tim.o(.text)
    TIM_ETRClockMode2Config                  0x080067c9   Thumb Code    32  stm32f4xx_tim.o(.text)
    TIM_SelectOutputTrigger                  0x080067e9   Thumb Code    18  stm32f4xx_tim.o(.text)
    TIM_SelectSlaveMode                      0x080067fb   Thumb Code    18  stm32f4xx_tim.o(.text)
    TIM_SelectMasterSlaveMode                0x0800680d   Thumb Code    18  stm32f4xx_tim.o(.text)
    TIM_EncoderInterfaceConfig               0x0800681f   Thumb Code    66  stm32f4xx_tim.o(.text)
    TIM_SelectHallSensor                     0x08006861   Thumb Code    24  stm32f4xx_tim.o(.text)
    TIM_RemapConfig                          0x08006879   Thumb Code     6  stm32f4xx_tim.o(.text)
    USART_DeInit                             0x08006881   Thumb Code   206  stm32f4xx_usart.o(.text)
    USART_Init                               0x0800694f   Thumb Code   204  stm32f4xx_usart.o(.text)
    USART_StructInit                         0x08006a1b   Thumb Code    24  stm32f4xx_usart.o(.text)
    USART_ClockInit                          0x08006a33   Thumb Code    32  stm32f4xx_usart.o(.text)
    USART_ClockStructInit                    0x08006a53   Thumb Code    12  stm32f4xx_usart.o(.text)
    USART_Cmd                                0x08006a5f   Thumb Code    24  stm32f4xx_usart.o(.text)
    USART_SetPrescaler                       0x08006a77   Thumb Code    16  stm32f4xx_usart.o(.text)
    USART_OverSampling8Cmd                   0x08006a87   Thumb Code    22  stm32f4xx_usart.o(.text)
    USART_OneBitMethodCmd                    0x08006a9d   Thumb Code    24  stm32f4xx_usart.o(.text)
    USART_SendData                           0x08006ab5   Thumb Code     8  stm32f4xx_usart.o(.text)
    USART_ReceiveData                        0x08006abd   Thumb Code    10  stm32f4xx_usart.o(.text)
    USART_SetAddress                         0x08006ac7   Thumb Code    18  stm32f4xx_usart.o(.text)
    USART_ReceiverWakeUpCmd                  0x08006ad9   Thumb Code    24  stm32f4xx_usart.o(.text)
    USART_WakeUpConfig                       0x08006af1   Thumb Code    18  stm32f4xx_usart.o(.text)
    USART_LINBreakDetectLengthConfig         0x08006b03   Thumb Code    18  stm32f4xx_usart.o(.text)
    USART_LINCmd                             0x08006b15   Thumb Code    24  stm32f4xx_usart.o(.text)
    USART_SendBreak                          0x08006b2d   Thumb Code    10  stm32f4xx_usart.o(.text)
    USART_HalfDuplexCmd                      0x08006b37   Thumb Code    24  stm32f4xx_usart.o(.text)
    USART_SetGuardTime                       0x08006b4f   Thumb Code    16  stm32f4xx_usart.o(.text)
    USART_SmartCardCmd                       0x08006b5f   Thumb Code    24  stm32f4xx_usart.o(.text)
    USART_SmartCardNACKCmd                   0x08006b77   Thumb Code    24  stm32f4xx_usart.o(.text)
    USART_IrDAConfig                         0x08006b8f   Thumb Code    18  stm32f4xx_usart.o(.text)
    USART_IrDACmd                            0x08006ba1   Thumb Code    24  stm32f4xx_usart.o(.text)
    USART_DMACmd                             0x08006bb9   Thumb Code    18  stm32f4xx_usart.o(.text)
    USART_ITConfig                           0x08006bcb   Thumb Code    74  stm32f4xx_usart.o(.text)
    USART_GetFlagStatus                      0x08006c15   Thumb Code    26  stm32f4xx_usart.o(.text)
    USART_ClearFlag                          0x08006c2f   Thumb Code    18  stm32f4xx_usart.o(.text)
    USART_GetITStatus                        0x08006c41   Thumb Code   118  stm32f4xx_usart.o(.text)
    USART_ClearITPendingBit                  0x08006cb7   Thumb Code    30  stm32f4xx_usart.o(.text)
    vListInitialise                          0x08006cd5   Thumb Code    26  list.o(.text)
    vListInitialiseItem                      0x08006cef   Thumb Code     6  list.o(.text)
    vListInsertEnd                           0x08006cf5   Thumb Code    24  list.o(.text)
    vListInsert                              0x08006d0d   Thumb Code    52  list.o(.text)
    uxListRemove                             0x08006d41   Thumb Code    40  list.o(.text)
    xQueueGenericReset                       0x08006d69   Thumb Code   136  queue.o(.text)
    xQueueGenericCreate                      0x08006e1f   Thumb Code    78  queue.o(.text)
    xQueueGenericSend                        0x08007015   Thumb Code   460  queue.o(.text)
    xQueueCreateMutex                        0x080071fd   Thumb Code    34  queue.o(.text)
    xQueueGiveMutexRecursive                 0x0800721f   Thumb Code    66  queue.o(.text)
    xQueueGenericReceive                     0x080072a5   Thumb Code   428  queue.o(.text)
    xQueueTakeMutexRecursive                 0x08007451   Thumb Code    76  queue.o(.text)
    xQueueCreateCountingSemaphore            0x0800749d   Thumb Code    80  queue.o(.text)
    xQueueGenericSendFromISR                 0x080074ed   Thumb Code   252  queue.o(.text)
    xQueueGiveFromISR                        0x080075e9   Thumb Code   228  queue.o(.text)
    xQueueReceiveFromISR                     0x080076cd   Thumb Code   190  queue.o(.text)
    xQueuePeekFromISR                        0x0800778b   Thumb Code   158  queue.o(.text)
    uxQueueMessagesWaiting                   0x08007829   Thumb Code    36  queue.o(.text)
    uxQueueSpacesAvailable                   0x0800784d   Thumb Code    42  queue.o(.text)
    uxQueueMessagesWaitingFromISR            0x08007877   Thumb Code    28  queue.o(.text)
    vQueueUnregisterQueue                    0x08007893   Thumb Code    44  queue.o(.text)
    vQueueDelete                             0x080078bf   Thumb Code    38  queue.o(.text)
    uxQueueGetQueueNumber                    0x080078e5   Thumb Code     6  queue.o(.text)
    vQueueSetQueueNumber                     0x080078eb   Thumb Code     4  queue.o(.text)
    ucQueueGetQueueType                      0x080078ef   Thumb Code     8  queue.o(.text)
    xQueueIsQueueEmptyFromISR                0x080078f7   Thumb Code    36  queue.o(.text)
    xQueueIsQueueFullFromISR                 0x0800791b   Thumb Code    40  queue.o(.text)
    vQueueAddToRegistry                      0x08007943   Thumb Code    38  queue.o(.text)
    pcQueueGetName                           0x08007969   Thumb Code    38  queue.o(.text)
    vQueueWaitForMessageRestricted           0x0800798f   Thumb Code    74  queue.o(.text)
    xQueueCreateSet                          0x080079d9   Thumb Code    20  queue.o(.text)
    xQueueAddToSet                           0x080079ed   Thumb Code    38  queue.o(.text)
    xQueueRemoveFromSet                      0x08007a13   Thumb Code    48  queue.o(.text)
    xQueueSelectFromSet                      0x08007a43   Thumb Code    26  queue.o(.text)
    xQueueSelectFromSetFromISR               0x08007a5d   Thumb Code    22  queue.o(.text)
    xTaskCreate                              0x08007c05   Thumb Code    96  tasks.o(.text)
    vTaskDelete                              0x08007ca1   Thumb Code   192  tasks.o(.text)
    xTaskIncrementTick                       0x08007d61   Thumb Code   396  tasks.o(.text)
    xTaskResumeAll                           0x08007eed   Thumb Code   218  tasks.o(.text)
    vTaskSuspendAll                          0x08008043   Thumb Code    12  tasks.o(.text)
    vTaskDelayUntil                          0x0800804f   Thumb Code   182  tasks.o(.text)
    vTaskDelay                               0x08008105   Thumb Code    76  tasks.o(.text)
    eTaskGetState                            0x08008151   Thumb Code   106  tasks.o(.text)
    uxTaskPriorityGet                        0x080081bb   Thumb Code    30  tasks.o(.text)
    uxTaskPriorityGetFromISR                 0x080081d9   Thumb Code    62  tasks.o(.text)
    vTaskPrioritySet                         0x08008217   Thumb Code   320  tasks.o(.text)
    vTaskSwitchContext                       0x08008357   Thumb Code   114  tasks.o(.text)
    vTaskSuspend                             0x080083c9   Thumb Code   190  tasks.o(.text)
    vTaskResume                              0x080084d3   Thumb Code   122  tasks.o(.text)
    xTaskResumeFromISR                       0x0800854d   Thumb Code   152  tasks.o(.text)
    vTaskStartScheduler                      0x08008643   Thumb Code   112  tasks.o(.text)
    vTaskEndScheduler                        0x080086b3   Thumb Code    32  tasks.o(.text)
    xTaskGetTickCount                        0x080086d3   Thumb Code     6  tasks.o(.text)
    xTaskGetTickCountFromISR                 0x080086d9   Thumb Code    16  tasks.o(.text)
    uxTaskGetNumberOfTasks                   0x080086e9   Thumb Code     6  tasks.o(.text)
    pcTaskGetName                            0x080086ef   Thumb Code    40  tasks.o(.text)
    vTaskGetInfo                             0x08008775   Thumb Code   114  tasks.o(.text)
    uxTaskGetSystemState                     0x08008851   Thumb Code   152  tasks.o(.text)
    vTaskPlaceOnEventList                    0x080088e9   Thumb Code    46  tasks.o(.text)
    vTaskPlaceOnUnorderedEventList           0x08008917   Thumb Code    88  tasks.o(.text)
    vTaskPlaceOnEventListRestricted          0x0800896f   Thumb Code    54  tasks.o(.text)
    xTaskRemoveFromEventList                 0x080089a5   Thumb Code   122  tasks.o(.text)
    xTaskRemoveFromUnorderedEventList        0x08008a1f   Thumb Code   142  tasks.o(.text)
    vTaskSetTimeOutState                     0x08008aad   Thumb Code    36  tasks.o(.text)
    xTaskCheckForTimeOut                     0x08008ad1   Thumb Code   124  tasks.o(.text)
    vTaskMissedYield                         0x08008b4d   Thumb Code     8  tasks.o(.text)
    uxTaskGetTaskNumber                      0x08008b55   Thumb Code    68  tasks.o(.text)
    vTaskSetTaskNumber                       0x08008b99   Thumb Code     8  tasks.o(.text)
    xTaskGetCurrentTaskHandle                0x08008ba1   Thumb Code     6  tasks.o(.text)
    xTaskGetSchedulerState                   0x08008ba7   Thumb Code    24  tasks.o(.text)
    vTaskPriorityInherit                     0x08008bbf   Thumb Code   164  tasks.o(.text)
    xTaskPriorityDisinherit                  0x08008c63   Thumb Code   176  tasks.o(.text)
    vTaskList                                0x08008d3d   Thumb Code   204  tasks.o(.text)
    uxTaskResetEventItemValue                0x08008e09   Thumb Code    24  tasks.o(.text)
    pvTaskIncrementMutexHeldCount            0x08008e21   Thumb Code    26  tasks.o(.text)
    ulTaskNotifyTake                         0x08008e3b   Thumb Code   108  tasks.o(.text)
    xTaskNotifyWait                          0x08008ea7   Thumb Code   150  tasks.o(.text)
    xTaskGenericNotify                       0x08008f3d   Thumb Code   276  tasks.o(.text)
    xTaskGenericNotifyFromISR                0x08009051   Thumb Code   282  tasks.o(.text)
    vTaskNotifyGiveFromISR                   0x0800916b   Thumb Code   200  tasks.o(.text)
    xTaskNotifyStateClear                    0x08009233   Thumb Code    48  tasks.o(.text)
    xTimerGenericCommand                     0x080092d5   Thumb Code   118  timers.o(.text)
    xTimerCreateTimerTask                    0x0800963d   Thumb Code    56  timers.o(.text)
    xTimerCreate                             0x0800971b   Thumb Code    48  timers.o(.text)
    xTimerGetTimerDaemonTaskHandle           0x0800974b   Thumb Code    38  timers.o(.text)
    xTimerGetPeriod                          0x08009771   Thumb Code    28  timers.o(.text)
    xTimerGetExpiryTime                      0x0800978d   Thumb Code    30  timers.o(.text)
    pcTimerGetName                           0x080097ab   Thumb Code    28  timers.o(.text)
    xTimerIsTimerActive                      0x080097c7   Thumb Code    50  timers.o(.text)
    pvTimerGetTimerID                        0x080097f9   Thumb Code    38  timers.o(.text)
    vTimerSetTimerID                         0x0800981f   Thumb Code    38  timers.o(.text)
    xTimerPendFunctionCallFromISR            0x08009845   Thumb Code    48  timers.o(.text)
    xTimerPendFunctionCall                   0x08009875   Thumb Code    70  timers.o(.text)
    Reset_Handler                            0x080098c5   Thumb Code     8  startup_stm32f40_41xxx.o(.text)
    ADC_IRQHandler                           0x080098df   Thumb Code     0  startup_stm32f40_41xxx.o(.text)
    CAN1_RX0_IRQHandler                      0x080098df   Thumb Code     0  startup_stm32f40_41xxx.o(.text)
    CAN1_RX1_IRQHandler                      0x080098df   Thumb Code     0  startup_stm32f40_41xxx.o(.text)
    CAN1_SCE_IRQHandler                      0x080098df   Thumb Code     0  startup_stm32f40_41xxx.o(.text)
    CAN1_TX_IRQHandler                       0x080098df   Thumb Code     0  startup_stm32f40_41xxx.o(.text)
    CAN2_RX0_IRQHandler                      0x080098df   Thumb Code     0  startup_stm32f40_41xxx.o(.text)
    CAN2_RX1_IRQHandler                      0x080098df   Thumb Code     0  startup_stm32f40_41xxx.o(.text)
    CAN2_SCE_IRQHandler                      0x080098df   Thumb Code     0  startup_stm32f40_41xxx.o(.text)
    CAN2_TX_IRQHandler                       0x080098df   Thumb Code     0  startup_stm32f40_41xxx.o(.text)
    CRYP_IRQHandler                          0x080098df   Thumb Code     0  startup_stm32f40_41xxx.o(.text)
    DCMI_IRQHandler                          0x080098df   Thumb Code     0  startup_stm32f40_41xxx.o(.text)
    DMA1_Stream0_IRQHandler                  0x080098df   Thumb Code     0  startup_stm32f40_41xxx.o(.text)
    DMA1_Stream1_IRQHandler                  0x080098df   Thumb Code     0  startup_stm32f40_41xxx.o(.text)
    DMA1_Stream2_IRQHandler                  0x080098df   Thumb Code     0  startup_stm32f40_41xxx.o(.text)
    DMA1_Stream3_IRQHandler                  0x080098df   Thumb Code     0  startup_stm32f40_41xxx.o(.text)
    DMA1_Stream4_IRQHandler                  0x080098df   Thumb Code     0  startup_stm32f40_41xxx.o(.text)
    DMA1_Stream5_IRQHandler                  0x080098df   Thumb Code     0  startup_stm32f40_41xxx.o(.text)
    DMA1_Stream6_IRQHandler                  0x080098df   Thumb Code     0  startup_stm32f40_41xxx.o(.text)
    DMA1_Stream7_IRQHandler                  0x080098df   Thumb Code     0  startup_stm32f40_41xxx.o(.text)
    DMA2_Stream0_IRQHandler                  0x080098df   Thumb Code     0  startup_stm32f40_41xxx.o(.text)
    DMA2_Stream1_IRQHandler                  0x080098df   Thumb Code     0  startup_stm32f40_41xxx.o(.text)
    DMA2_Stream2_IRQHandler                  0x080098df   Thumb Code     0  startup_stm32f40_41xxx.o(.text)
    DMA2_Stream3_IRQHandler                  0x080098df   Thumb Code     0  startup_stm32f40_41xxx.o(.text)
    DMA2_Stream4_IRQHandler                  0x080098df   Thumb Code     0  startup_stm32f40_41xxx.o(.text)
    DMA2_Stream5_IRQHandler                  0x080098df   Thumb Code     0  startup_stm32f40_41xxx.o(.text)
    DMA2_Stream6_IRQHandler                  0x080098df   Thumb Code     0  startup_stm32f40_41xxx.o(.text)
    DMA2_Stream7_IRQHandler                  0x080098df   Thumb Code     0  startup_stm32f40_41xxx.o(.text)
    ETH_IRQHandler                           0x080098df   Thumb Code     0  startup_stm32f40_41xxx.o(.text)
    ETH_WKUP_IRQHandler                      0x080098df   Thumb Code     0  startup_stm32f40_41xxx.o(.text)
    EXTI0_IRQHandler                         0x080098df   Thumb Code     0  startup_stm32f40_41xxx.o(.text)
    EXTI15_10_IRQHandler                     0x080098df   Thumb Code     0  startup_stm32f40_41xxx.o(.text)
    EXTI1_IRQHandler                         0x080098df   Thumb Code     0  startup_stm32f40_41xxx.o(.text)
    EXTI2_IRQHandler                         0x080098df   Thumb Code     0  startup_stm32f40_41xxx.o(.text)
    EXTI3_IRQHandler                         0x080098df   Thumb Code     0  startup_stm32f40_41xxx.o(.text)
    EXTI9_5_IRQHandler                       0x080098df   Thumb Code     0  startup_stm32f40_41xxx.o(.text)
    FLASH_IRQHandler                         0x080098df   Thumb Code     0  startup_stm32f40_41xxx.o(.text)
    FPU_IRQHandler                           0x080098df   Thumb Code     0  startup_stm32f40_41xxx.o(.text)
    FSMC_IRQHandler                          0x080098df   Thumb Code     0  startup_stm32f40_41xxx.o(.text)
    HASH_RNG_IRQHandler                      0x080098df   Thumb Code     0  startup_stm32f40_41xxx.o(.text)
    I2C1_ER_IRQHandler                       0x080098df   Thumb Code     0  startup_stm32f40_41xxx.o(.text)
    I2C1_EV_IRQHandler                       0x080098df   Thumb Code     0  startup_stm32f40_41xxx.o(.text)
    I2C2_ER_IRQHandler                       0x080098df   Thumb Code     0  startup_stm32f40_41xxx.o(.text)
    I2C2_EV_IRQHandler                       0x080098df   Thumb Code     0  startup_stm32f40_41xxx.o(.text)
    I2C3_ER_IRQHandler                       0x080098df   Thumb Code     0  startup_stm32f40_41xxx.o(.text)
    I2C3_EV_IRQHandler                       0x080098df   Thumb Code     0  startup_stm32f40_41xxx.o(.text)
    OTG_FS_IRQHandler                        0x080098df   Thumb Code     0  startup_stm32f40_41xxx.o(.text)
    OTG_FS_WKUP_IRQHandler                   0x080098df   Thumb Code     0  startup_stm32f40_41xxx.o(.text)
    OTG_HS_EP1_IN_IRQHandler                 0x080098df   Thumb Code     0  startup_stm32f40_41xxx.o(.text)
    OTG_HS_EP1_OUT_IRQHandler                0x080098df   Thumb Code     0  startup_stm32f40_41xxx.o(.text)
    OTG_HS_IRQHandler                        0x080098df   Thumb Code     0  startup_stm32f40_41xxx.o(.text)
    OTG_HS_WKUP_IRQHandler                   0x080098df   Thumb Code     0  startup_stm32f40_41xxx.o(.text)
    PVD_IRQHandler                           0x080098df   Thumb Code     0  startup_stm32f40_41xxx.o(.text)
    RCC_IRQHandler                           0x080098df   Thumb Code     0  startup_stm32f40_41xxx.o(.text)
    RTC_Alarm_IRQHandler                     0x080098df   Thumb Code     0  startup_stm32f40_41xxx.o(.text)
    RTC_WKUP_IRQHandler                      0x080098df   Thumb Code     0  startup_stm32f40_41xxx.o(.text)
    SDIO_IRQHandler                          0x080098df   Thumb Code     0  startup_stm32f40_41xxx.o(.text)
    SPI1_IRQHandler                          0x080098df   Thumb Code     0  startup_stm32f40_41xxx.o(.text)
    SPI2_IRQHandler                          0x080098df   Thumb Code     0  startup_stm32f40_41xxx.o(.text)
    SPI3_IRQHandler                          0x080098df   Thumb Code     0  startup_stm32f40_41xxx.o(.text)
    TAMP_STAMP_IRQHandler                    0x080098df   Thumb Code     0  startup_stm32f40_41xxx.o(.text)
    TIM1_BRK_TIM9_IRQHandler                 0x080098df   Thumb Code     0  startup_stm32f40_41xxx.o(.text)
    TIM1_CC_IRQHandler                       0x080098df   Thumb Code     0  startup_stm32f40_41xxx.o(.text)
    TIM1_TRG_COM_TIM11_IRQHandler            0x080098df   Thumb Code     0  startup_stm32f40_41xxx.o(.text)
    TIM1_UP_TIM10_IRQHandler                 0x080098df   Thumb Code     0  startup_stm32f40_41xxx.o(.text)
    TIM2_IRQHandler                          0x080098df   Thumb Code     0  startup_stm32f40_41xxx.o(.text)
    TIM3_IRQHandler                          0x080098df   Thumb Code     0  startup_stm32f40_41xxx.o(.text)
    TIM4_IRQHandler                          0x080098df   Thumb Code     0  startup_stm32f40_41xxx.o(.text)
    TIM5_IRQHandler                          0x080098df   Thumb Code     0  startup_stm32f40_41xxx.o(.text)
    TIM7_IRQHandler                          0x080098df   Thumb Code     0  startup_stm32f40_41xxx.o(.text)
    TIM8_BRK_TIM12_IRQHandler                0x080098df   Thumb Code     0  startup_stm32f40_41xxx.o(.text)
    TIM8_CC_IRQHandler                       0x080098df   Thumb Code     0  startup_stm32f40_41xxx.o(.text)
    TIM8_TRG_COM_TIM14_IRQHandler            0x080098df   Thumb Code     0  startup_stm32f40_41xxx.o(.text)
    TIM8_UP_TIM13_IRQHandler                 0x080098df   Thumb Code     0  startup_stm32f40_41xxx.o(.text)
    UART4_IRQHandler                         0x080098df   Thumb Code     0  startup_stm32f40_41xxx.o(.text)
    UART5_IRQHandler                         0x080098df   Thumb Code     0  startup_stm32f40_41xxx.o(.text)
    USART2_IRQHandler                        0x080098df   Thumb Code     0  startup_stm32f40_41xxx.o(.text)
    USART6_IRQHandler                        0x080098df   Thumb Code     0  startup_stm32f40_41xxx.o(.text)
    WWDG_IRQHandler                          0x080098df   Thumb Code     0  startup_stm32f40_41xxx.o(.text)
    __user_initial_stackheap                 0x080098e1   Thumb Code     0  startup_stm32f40_41xxx.o(.text)
    pvPortMalloc                             0x080099c7   Thumb Code   262  heap_4.o(.text)
    vPortFree                                0x08009acd   Thumb Code   120  heap_4.o(.text)
    xPortGetFreeHeapSize                     0x08009b45   Thumb Code     6  heap_4.o(.text)
    xPortGetMinimumEverFreeHeapSize          0x08009b4b   Thumb Code     6  heap_4.o(.text)
    vPortInitialiseBlocks                    0x08009b51   Thumb Code     2  heap_4.o(.text)
    pxPortInitialiseStack                    0x08009bd7   Thumb Code    38  port.o(.text)
    vPortSetupTimerInterrupt                 0x08009bfd   Thumb Code    26  port.o(.text)
    xPortStartScheduler                      0x08009c17   Thumb Code   258  port.o(.text)
    vPortEndScheduler                        0x08009d19   Thumb Code    34  port.o(.text)
    vPortEnterCritical                       0x08009d3b   Thumb Code    70  port.o(.text)
    vPortExitCritical                        0x08009d81   Thumb Code    48  port.o(.text)
    xPortSysTickHandler                      0x08009db1   Thumb Code    48  port.o(.text)
    vPortValidateInterruptPriority           0x08009de1   Thumb Code    88  port.o(.text)
    __use_no_semihosting                     0x08009e99   Thumb Code     2  use_no_semi_2.o(.text)
    __2printf                                0x08009e9d   Thumb Code    20  noretval__2printf.o(.text)
    __2sprintf                               0x08009eb5   Thumb Code    34  noretval__2sprintf.o(.text)
    _printf_str                              0x08009edd   Thumb Code    82  _printf_str.o(.text)
    _printf_int_dec                          0x08009f31   Thumb Code   100  _printf_dec.o(.text)
    __printf                                 0x08009fa5   Thumb Code   270  __printf_wp.o(.text)
    strcpy                                   0x0800a0b3   Thumb Code    72  strcpy.o(.text)
    strlen                                   0x0800a0fb   Thumb Code    62  strlen.o(.text)
    __aeabi_memcpy                           0x0800a139   Thumb Code     0  rt_memcpy_v6.o(.text)
    __rt_memcpy                              0x0800a139   Thumb Code   138  rt_memcpy_v6.o(.text)
    _memcpy_lastbytes                        0x0800a19f   Thumb Code     0  rt_memcpy_v6.o(.text)
    __aeabi_memset                           0x0800a1c3   Thumb Code    16  aeabi_memset.o(.text)
    __use_two_region_memory                  0x0800a1d3   Thumb Code     2  heapauxi.o(.text)
    __rt_heap_escrow$2region                 0x0800a1d5   Thumb Code     2  heapauxi.o(.text)
    __rt_heap_expand$2region                 0x0800a1d7   Thumb Code     2  heapauxi.o(.text)
    __I$use$semihosting                      0x0800a1d9   Thumb Code     0  use_no_semi.o(.text)
    __use_no_semihosting_swi                 0x0800a1d9   Thumb Code     2  use_no_semi.o(.text)
    _printf_int_common                       0x0800a1db   Thumb Code   178  _printf_intcommon.o(.text)
    __lib_sel_fp_printf                      0x0800a28d   Thumb Code     2  _printf_fp_dec.o(.text)
    _printf_fp_dec_real                      0x0800a43b   Thumb Code   616  _printf_fp_dec.o(.text)
    _printf_char_common                      0x0800a6af   Thumb Code    32  _printf_char_common.o(.text)
    _sputc                                   0x0800a6d5   Thumb Code    10  _sputc.o(.text)
    _printf_cs_common                        0x0800a6df   Thumb Code    20  _printf_char.o(.text)
    _printf_char                             0x0800a6f3   Thumb Code    16  _printf_char.o(.text)
    _printf_string                           0x0800a703   Thumb Code     8  _printf_char.o(.text)
    _printf_char_file                        0x0800a70d   Thumb Code    32  _printf_char_file.o(.text)
    __aeabi_memcpy4                          0x0800a731   Thumb Code     0  rt_memcpy_w.o(.text)
    __aeabi_memcpy8                          0x0800a731   Thumb Code     0  rt_memcpy_w.o(.text)
    __rt_memcpy_w                            0x0800a731   Thumb Code   100  rt_memcpy_w.o(.text)
    _memcpy_lastbytes_aligned                0x0800a779   Thumb Code     0  rt_memcpy_w.o(.text)
    __aeabi_memclr                           0x0800a795   Thumb Code     0  rt_memclr.o(.text)
    __rt_memclr                              0x0800a795   Thumb Code    68  rt_memclr.o(.text)
    _memset                                  0x0800a799   Thumb Code     0  rt_memclr.o(.text)
    __rt_locale                              0x0800a7d9   Thumb Code     8  rt_locale_intlibspace.o(.text)
    _ll_udiv10                               0x0800a7e1   Thumb Code   138  lludiv10.o(.text)
    _printf_fp_infnan                        0x0800a86d   Thumb Code   112  _printf_fp_infnan.o(.text)
    _btod_etento                             0x0800a8ed   Thumb Code   212  bigflt0.o(.text)
    ferror                                   0x0800a9c5   Thumb Code     8  ferror.o(.text)
    __aeabi_memclr4                          0x0800a9cd   Thumb Code     0  rt_memclr_w.o(.text)
    __aeabi_memclr8                          0x0800a9cd   Thumb Code     0  rt_memclr_w.o(.text)
    __rt_memclr_w                            0x0800a9cd   Thumb Code    78  rt_memclr_w.o(.text)
    _memset_w                                0x0800a9d1   Thumb Code     0  rt_memclr_w.o(.text)
    __user_libspace                          0x0800aa1d   Thumb Code     8  libspace.o(.text)
    __user_perproc_libspace                  0x0800aa1d   Thumb Code     0  libspace.o(.text)
    __user_perthread_libspace                0x0800aa1d   Thumb Code     0  libspace.o(.text)
    __user_setup_stackheap                   0x0800aa25   Thumb Code    74  sys_stackheap_outer.o(.text)
    exit                                     0x0800aa6f   Thumb Code    12  exit.o(.text)
    strcmp                                   0x0800aa7d   Thumb Code   128  strcmpv7m.o(.text)
    _btod_d2e                                0x0800aafd   Thumb Code    62  btod.o(CL$$btod_d2e)
    _d2e_denorm_low                          0x0800ab3b   Thumb Code    70  btod.o(CL$$btod_d2e_denorm_low)
    _d2e_norm_op1                            0x0800ab81   Thumb Code    96  btod.o(CL$$btod_d2e_norm_op1)
    __btod_div_common                        0x0800abe1   Thumb Code   696  btod.o(CL$$btod_div_common)
    _e2e                                     0x0800af19   Thumb Code   198  btod.o(CL$$btod_e2e)
    _btod_ediv                               0x0800afdf   Thumb Code    40  btod.o(CL$$btod_ediv)
    _btod_emul                               0x0800b007   Thumb Code    40  btod.o(CL$$btod_emul)
    __btod_mult_common                       0x0800b02f   Thumb Code   580  btod.o(CL$$btod_mult_common)
    __ARM_fpclassify                         0x0800b273   Thumb Code    48  fpclassify.o(i.__ARM_fpclassify)
    _is_digit                                0x0800b2a3   Thumb Code    14  __printf_wp.o(i._is_digit)
    _get_lc_numeric                          0x0800b2b1   Thumb Code    44  lc_numeric_c.o(locale$$code)
    __fpl_dretinf                            0x0800b2dd   Thumb Code    12  dretinf.o(x$fpl$dretinf)
    __aeabi_f2d                              0x0800b2e9   Thumb Code     0  f2d.o(x$fpl$f2d)
    _f2d                                     0x0800b2e9   Thumb Code    86  f2d.o(x$fpl$f2d)
    __fpl_fnaninf                            0x0800b33f   Thumb Code   140  fnaninf.o(x$fpl$fnaninf)
    _fp_init                                 0x0800b3cb   Thumb Code    10  fpinit.o(x$fpl$fpinit)
    __fplib_config_fpu_vfp                   0x0800b3d3   Thumb Code     0  fpinit.o(x$fpl$fpinit)
    __fplib_config_pureend_doubles           0x0800b3d3   Thumb Code     0  fpinit.o(x$fpl$fpinit)
    _printf_fp_dec                           0x0800b3d5   Thumb Code     4  printf1.o(x$fpl$printf1)
    __I$use$fp                               0x0800b3d8   Number         0  usenofp.o(x$fpl$usenofp)
    char_1206                                0x0800b3d8   Data        1140  lcd.o(.constdata)
    char_1608                                0x0800b84c   Data        1520  lcd.o(.constdata)
    char_2412                                0x0800be3c   Data        3420  lcd.o(.constdata)
    ov7670_init_reg_tbl                      0x0800cb98   Data         336  ov7670.o(.constdata)
    FSMC_DefaultTimingStruct                 0x0800cce8   Data          28  stm32f4xx_fsmc.o(.constdata)
    Region$$Table$$Base                      0x0800cd98   Number         0  anon$$obj.o(Region$$Table)
    Region$$Table$$Limit                     0x0800cdb8   Number         0  anon$$obj.o(Region$$Table)
    Debug                                    0x20000000   Data           1  main.o(.data)
    tasknum                                  0x20000001   Data           1  main.o(.data)
    use_freertos                             0x20000002   Data           1  main.o(.data)
    SystemCoreClock                          0x20000004   Data           4  system_stm32f4xx.o(.data)
    AHBPrescTable                            0x20000008   Data          16  system_stm32f4xx.o(.data)
    START                                    0x20000018   Data           1  app.o(.data)
    USART_IN_BinarySemaphore                 0x2000001c   Data           4  app.o(.data)
    USART_OUT_BinarySemaphore                0x20000020   Data           4  app.o(.data)
    LEDtask_Handler                          0x20000024   Data           4  app.o(.data)
    KEY1_CountSemaphore                      0x20000028   Data           4  app.o(.data)
    KEY2_CountSemaphore                      0x2000002c   Data           4  app.o(.data)
    KEY3_CountSemaphore                      0x20000030   Data           4  app.o(.data)
    KEY4_CountSemaphore                      0x20000034   Data           4  app.o(.data)
    BEEP_CountSemaphore                      0x20000038   Data           4  app.o(.data)
    LED_CountSemaphore                       0x2000003c   Data           4  app.o(.data)
    DataINtask_Handler                       0x20000040   Data           4  app.o(.data)
    DataOUTtask_Handler                      0x20000044   Data           4  app.o(.data)
    KEYtask_Handler                          0x20000048   Data           4  app.o(.data)
    ENDtask_Handler                          0x2000004c   Data           4  app.o(.data)
    BEEPtask_Handler                         0x20000050   Data           4  app.o(.data)
    LED1task_Handler                         0x20000054   Data           4  app.o(.data)
    Starttask_Handler                        0x20000058   Data           4  app.o(.data)
    Task1task_Handler                        0x2000005c   Data           4  task1.o(.data)
    XON                                      0x20000060   Data           1  task1.o(.data)
    YON                                      0x20000061   Data           1  task1.o(.data)
    Task2task_Handler                        0x20000064   Data           4  task2.o(.data)
    Task3task_Handler                        0x20000068   Data           4  task3.o(.data)
    Task4task_Handler                        0x2000006c   Data           4  task4.o(.data)
    __stdout                                 0x20000074   Data           4  usart.o(.data)
    USART_RX_STA                             0x20000078   Data           2  usart.o(.data)
    USART_RX_STA3                            0x2000007a   Data           2  usart3.o(.data)
    ring_on                                  0x2000007c   Data           1  beed.o(.data)
    ring_off                                 0x2000007d   Data           1  beed.o(.data)
    BRUSH_COLOR                              0x2000007e   Data           2  lcd.o(.data)
    BACK_COLOR                               0x20000080   Data           2  lcd.o(.data)
    lcd_id                                   0x20000082   Data           2  lcd.o(.data)
    dir_flag                                 0x20000084   Data           1  lcd.o(.data)
    lcd_width                                0x20000086   Data           2  lcd.o(.data)
    lcd_height                               0x20000088   Data           2  lcd.o(.data)
    write_gramcmd                            0x2000008a   Data           2  lcd.o(.data)
    setxcmd                                  0x2000008c   Data           2  lcd.o(.data)
    setycmd                                  0x2000008e   Data           2  lcd.o(.data)
    TIMER_BinarySemaphore                    0x20000090   Data           4  timer.o(.data)
    r                                        0x20000094   Data           2  pid.o(.data)
    IE                                       0x20000098   Data           4  pid.o(.data)
    DE                                       0x2000009c   Data           4  pid.o(.data)
    X_P                                      0x200000a0   Data           4  pid.o(.data)
    X_I                                      0x200000a4   Data           4  pid.o(.data)
    X_D                                      0x200000a8   Data           4  pid.o(.data)
    Xe                                       0x200000ac   Data           4  pid.o(.data)
    Xe_1                                     0x200000b0   Data           4  pid.o(.data)
    XIerror                                  0x200000b4   Data           4  pid.o(.data)
    Y_P                                      0x200000b8   Data           4  pid.o(.data)
    Y_I                                      0x200000bc   Data           4  pid.o(.data)
    Y_D                                      0x200000c0   Data           4  pid.o(.data)
    Ye                                       0x200000c4   Data           4  pid.o(.data)
    Ye_1                                     0x200000c8   Data           4  pid.o(.data)
    YIerror                                  0x200000cc   Data           4  pid.o(.data)
    g_Period_TIM9                            0x200000d0   Data           2  servopwmout.o(.data)
    g_Period_TIM12                           0x200000d2   Data           2  servopwmout.o(.data)
    VSYNC_Flag                               0x200000d4   Data           1  ov7670.o(.data)
    Part                                     0x200000d5   Data           1  ov7670.o(.data)
    pxCurrentTCB                             0x200000e8   Data           4  tasks.o(.data)
    USART_RX_BUF                             0x2000015c   Data         200  usart.o(.bss)
    USART_RX_BUF3                            0x20000224   Data         200  usart3.o(.bss)
    target                                   0x200002ec   Data          24  ov7670.o(.bss)
    REG                                      0x20000304   Data          38  target.o(.bss)
    xQueueRegistry                           0x2000032c   Data          64  queue.o(.bss)
    __libspace_start                         0x20005678   Data          96  libspace.o(.bss)
    __temporary_stack_top$libspace           0x200056d8   Data           0  libspace.o(.bss)



==============================================================================

Memory Map of the image

  Image Entry point : 0x08000189

  Load Region LR_IROM1 (Base: 0x08000000, Size: 0x0000cf30, Max: 0x00100000, ABSOLUTE, COMPRESSED[0x0000ce1c])

    Execution Region ER_IROM1 (Base: 0x08000000, Size: 0x0000cdd4, Max: 0x00100000, ABSOLUTE)

    Base Addr    Size         Type   Attr      Idx    E Section Name        Object

    0x08000000   0x00000188   Data   RO         1779    RESET               startup_stm32f40_41xxx.o
    0x08000188   0x00000008   Code   RO         1899  * !!!main             c_w.l(__main.o)
    0x08000190   0x00000034   Code   RO         2130    !!!scatter          c_w.l(__scatter.o)
    0x080001c4   0x0000005a   Code   RO         2128    !!dczerorl2         c_w.l(__dczerorl2.o)
    0x0800021e   0x00000002   PAD
    0x08000220   0x0000001c   Code   RO         2132    !!handler_zi        c_w.l(__scatter_zi.o)
    0x0800023c   0x00000000   Code   RO         1888    .ARM.Collect$$_printf_percent$$00000000  c_w.l(_printf_percent.o)
    0x0800023c   0x00000006   Code   RO         1887    .ARM.Collect$$_printf_percent$$00000003  c_w.l(_printf_f.o)
    0x08000242   0x00000006   Code   RO         1885    .ARM.Collect$$_printf_percent$$00000009  c_w.l(_printf_d.o)
    0x08000248   0x00000006   Code   RO         1886    .ARM.Collect$$_printf_percent$$0000000A  c_w.l(_printf_u.o)
    0x0800024e   0x00000006   Code   RO         1883    .ARM.Collect$$_printf_percent$$00000013  c_w.l(_printf_c.o)
    0x08000254   0x00000006   Code   RO         1884    .ARM.Collect$$_printf_percent$$00000014  c_w.l(_printf_s.o)
    0x0800025a   0x00000004   Code   RO         1920    .ARM.Collect$$_printf_percent$$00000017  c_w.l(_printf_percent_end.o)
    0x0800025e   0x00000002   Code   RO         2008    .ARM.Collect$$libinit$$00000000  c_w.l(libinit.o)
    0x08000260   0x00000004   Code   RO         2009    .ARM.Collect$$libinit$$00000001  c_w.l(libinit2.o)
    0x08000264   0x00000000   Code   RO         2013    .ARM.Collect$$libinit$$00000008  c_w.l(libinit2.o)
    0x08000264   0x00000000   Code   RO         2015    .ARM.Collect$$libinit$$0000000A  c_w.l(libinit2.o)
    0x08000264   0x00000000   Code   RO         2017    .ARM.Collect$$libinit$$0000000C  c_w.l(libinit2.o)
    0x08000264   0x00000006   Code   RO         2018    .ARM.Collect$$libinit$$0000000D  c_w.l(libinit2.o)
    0x0800026a   0x00000000   Code   RO         2020    .ARM.Collect$$libinit$$0000000F  c_w.l(libinit2.o)
    0x0800026a   0x00000000   Code   RO         2022    .ARM.Collect$$libinit$$00000011  c_w.l(libinit2.o)
    0x0800026a   0x00000000   Code   RO         2024    .ARM.Collect$$libinit$$00000013  c_w.l(libinit2.o)
    0x0800026a   0x0000000a   Code   RO         2025    .ARM.Collect$$libinit$$00000014  c_w.l(libinit2.o)
    0x08000274   0x00000000   Code   RO         2026    .ARM.Collect$$libinit$$00000015  c_w.l(libinit2.o)
    0x08000274   0x00000000   Code   RO         2028    .ARM.Collect$$libinit$$00000017  c_w.l(libinit2.o)
    0x08000274   0x00000000   Code   RO         2030    .ARM.Collect$$libinit$$00000019  c_w.l(libinit2.o)
    0x08000274   0x00000000   Code   RO         2032    .ARM.Collect$$libinit$$0000001B  c_w.l(libinit2.o)
    0x08000274   0x00000000   Code   RO         2034    .ARM.Collect$$libinit$$0000001D  c_w.l(libinit2.o)
    0x08000274   0x00000000   Code   RO         2036    .ARM.Collect$$libinit$$0000001F  c_w.l(libinit2.o)
    0x08000274   0x00000000   Code   RO         2038    .ARM.Collect$$libinit$$00000021  c_w.l(libinit2.o)
    0x08000274   0x00000000   Code   RO         2040    .ARM.Collect$$libinit$$00000023  c_w.l(libinit2.o)
    0x08000274   0x00000000   Code   RO         2044    .ARM.Collect$$libinit$$0000002A  c_w.l(libinit2.o)
    0x08000274   0x00000000   Code   RO         2046    .ARM.Collect$$libinit$$0000002C  c_w.l(libinit2.o)
    0x08000274   0x00000000   Code   RO         2048    .ARM.Collect$$libinit$$0000002E  c_w.l(libinit2.o)
    0x08000274   0x00000000   Code   RO         2050    .ARM.Collect$$libinit$$00000030  c_w.l(libinit2.o)
    0x08000274   0x00000002   Code   RO         2051    .ARM.Collect$$libinit$$00000031  c_w.l(libinit2.o)
    0x08000276   0x00000002   Code   RO         2079    .ARM.Collect$$libshutdown$$00000000  c_w.l(libshutdown.o)
    0x08000278   0x00000000   Code   RO         2089    .ARM.Collect$$libshutdown$$00000003  c_w.l(libshutdown2.o)
    0x08000278   0x00000000   Code   RO         2092    .ARM.Collect$$libshutdown$$00000006  c_w.l(libshutdown2.o)
    0x08000278   0x00000000   Code   RO         2095    .ARM.Collect$$libshutdown$$00000009  c_w.l(libshutdown2.o)
    0x08000278   0x00000000   Code   RO         2097    .ARM.Collect$$libshutdown$$0000000B  c_w.l(libshutdown2.o)
    0x08000278   0x00000000   Code   RO         2100    .ARM.Collect$$libshutdown$$0000000E  c_w.l(libshutdown2.o)
    0x08000278   0x00000002   Code   RO         2101    .ARM.Collect$$libshutdown$$0000000F  c_w.l(libshutdown2.o)
    0x0800027a   0x00000000   Code   RO         1907    .ARM.Collect$$rtentry$$00000000  c_w.l(rtentry.o)
    0x0800027a   0x00000000   Code   RO         1931    .ARM.Collect$$rtentry$$00000002  c_w.l(rtentry2.o)
    0x0800027a   0x00000006   Code   RO         1943    .ARM.Collect$$rtentry$$00000004  c_w.l(rtentry4.o)
    0x08000280   0x00000000   Code   RO         1933    .ARM.Collect$$rtentry$$00000009  c_w.l(rtentry2.o)
    0x08000280   0x00000004   Code   RO         1934    .ARM.Collect$$rtentry$$0000000A  c_w.l(rtentry2.o)
    0x08000284   0x00000000   Code   RO         1936    .ARM.Collect$$rtentry$$0000000C  c_w.l(rtentry2.o)
    0x08000284   0x00000008   Code   RO         1937    .ARM.Collect$$rtentry$$0000000D  c_w.l(rtentry2.o)
    0x0800028c   0x00000002   Code   RO         2052    .ARM.Collect$$rtexit$$00000000  c_w.l(rtexit.o)
    0x0800028e   0x00000000   Code   RO         2059    .ARM.Collect$$rtexit$$00000002  c_w.l(rtexit2.o)
    0x0800028e   0x00000004   Code   RO         2060    .ARM.Collect$$rtexit$$00000003  c_w.l(rtexit2.o)
    0x08000292   0x00000006   Code   RO         2061    .ARM.Collect$$rtexit$$00000004  c_w.l(rtexit2.o)
    0x08000298   0x000000b6   Code   RO         1809    .emb_text           port.o
    0x0800034e   0x00000002   PAD
    0x08000350   0x00000164   Code   RO            3    .text               main.o
    0x080004b4   0x00000014   Code   RO          242    .text               stm32f4xx_it.o
    0x080004c8   0x00000210   Code   RO          265    .text               system_stm32f4xx.o
    0x080006d8   0x00001080   Code   RO          291    .text               app.o
    0x08001758   0x000001a8   Code   RO          372    .text               function.o
    0x08001900   0x00000204   Code   RO          426    .text               task1.o
    0x08001b04   0x00000030   Code   RO          454    .text               task2.o
    0x08001b34   0x00000030   Code   RO          478    .text               task3.o
    0x08001b64   0x00000030   Code   RO          502    .text               task4.o
    0x08001b94   0x000000ec   Code   RO          526    .text               delay.o
    0x08001c80   0x00000174   Code   RO          566    .text               usart.o
    0x08001df4   0x0000018c   Code   RO          601    .text               usart3.o
    0x08001f80   0x00000040   Code   RO          629    .text               led.o
    0x08001fc0   0x00000110   Code   RO          652    .text               beed.o
    0x080020d0   0x000001ac   Code   RO          675    .text               key.o
    0x0800227c   0x000012e0   Code   RO          695    .text               lcd.o
    0x0800355c   0x000000d8   Code   RO          728    .text               timer.o
    0x08003634   0x000003a4   Code   RO          751    .text               pid.o
    0x080039d8   0x00000320   Code   RO          777    .text               gpio.o
    0x08003cf8   0x00000278   Code   RO          797    .text               servopwmout.o
    0x08003f70   0x0000055c   Code   RO          820    .text               ov7670.o
    0x080044cc   0x000002ac   Code   RO          851    .text               sccb.o
    0x08004778   0x00000328   Code   RO          871    .text               target.o
    0x08004aa0   0x000000e0   Code   RO          895    .text               misc.o
    0x08004b80   0x00000110   Code   RO         1158    .text               stm32f4xx_exti.o
    0x08004c90   0x000005c8   Code   RO         1221    .text               stm32f4xx_fsmc.o
    0x08005258   0x00000294   Code   RO         1244    .text               stm32f4xx_gpio.o
    0x080054ec   0x0000065c   Code   RO         1407    .text               stm32f4xx_rcc.o
    0x08005b48   0x00000094   Code   RO         1532    .text               stm32f4xx_syscfg.o
    0x08005bdc   0x00000ca2   Code   RO         1552    .text               stm32f4xx_tim.o
    0x0800687e   0x00000002   PAD
    0x08006880   0x00000454   Code   RO         1572    .text               stm32f4xx_usart.o
    0x08006cd4   0x00000094   Code   RO         1671    .text               list.o
    0x08006d68   0x00000d10   Code   RO         1691    .text               queue.o
    0x08007a78   0x0000180c   Code   RO         1717    .text               tasks.o
    0x08009284   0x00000640   Code   RO         1756    .text               timers.o
    0x080098c4   0x00000040   Code   RO         1780    .text               startup_stm32f40_41xxx.o
    0x08009904   0x000002a0   Code   RO         1786    .text               heap_4.o
    0x08009ba4   0x000002f4   Code   RO         1810    .text               port.o
    0x08009e98   0x00000002   Code   RO         1847    .text               c_w.l(use_no_semi_2.o)
    0x08009e9a   0x00000002   PAD
    0x08009e9c   0x00000018   Code   RO         1853    .text               c_w.l(noretval__2printf.o)
    0x08009eb4   0x00000028   Code   RO         1855    .text               c_w.l(noretval__2sprintf.o)
    0x08009edc   0x00000052   Code   RO         1859    .text               c_w.l(_printf_str.o)
    0x08009f2e   0x00000002   PAD
    0x08009f30   0x00000074   Code   RO         1861    .text               c_w.l(_printf_dec.o)
    0x08009fa4   0x0000010e   Code   RO         1871    .text               c_w.l(__printf_wp.o)
    0x0800a0b2   0x00000048   Code   RO         1889    .text               c_w.l(strcpy.o)
    0x0800a0fa   0x0000003e   Code   RO         1891    .text               c_w.l(strlen.o)
    0x0800a138   0x0000008a   Code   RO         1893    .text               c_w.l(rt_memcpy_v6.o)
    0x0800a1c2   0x00000010   Code   RO         1895    .text               c_w.l(aeabi_memset.o)
    0x0800a1d2   0x00000006   Code   RO         1897    .text               c_w.l(heapauxi.o)
    0x0800a1d8   0x00000002   Code   RO         1905    .text               c_w.l(use_no_semi.o)
    0x0800a1da   0x000000b2   Code   RO         1908    .text               c_w.l(_printf_intcommon.o)
    0x0800a28c   0x00000416   Code   RO         1910    .text               c_w.l(_printf_fp_dec.o)
    0x0800a6a2   0x00000002   PAD
    0x0800a6a4   0x00000030   Code   RO         1912    .text               c_w.l(_printf_char_common.o)
    0x0800a6d4   0x0000000a   Code   RO         1914    .text               c_w.l(_sputc.o)
    0x0800a6de   0x0000002c   Code   RO         1916    .text               c_w.l(_printf_char.o)
    0x0800a70a   0x00000002   PAD
    0x0800a70c   0x00000024   Code   RO         1918    .text               c_w.l(_printf_char_file.o)
    0x0800a730   0x00000064   Code   RO         1921    .text               c_w.l(rt_memcpy_w.o)
    0x0800a794   0x00000044   Code   RO         1923    .text               c_w.l(rt_memclr.o)
    0x0800a7d8   0x00000008   Code   RO         1948    .text               c_w.l(rt_locale_intlibspace.o)
    0x0800a7e0   0x0000008a   Code   RO         1950    .text               c_w.l(lludiv10.o)
    0x0800a86a   0x00000002   PAD
    0x0800a86c   0x00000080   Code   RO         1952    .text               c_w.l(_printf_fp_infnan.o)
    0x0800a8ec   0x000000d8   Code   RO         1956    .text               c_w.l(bigflt0.o)
    0x0800a9c4   0x00000008   Code   RO         1981    .text               c_w.l(ferror.o)
    0x0800a9cc   0x0000004e   Code   RO         1988    .text               c_w.l(rt_memclr_w.o)
    0x0800aa1a   0x00000002   PAD
    0x0800aa1c   0x00000008   Code   RO         1994    .text               c_w.l(libspace.o)
    0x0800aa24   0x0000004a   Code   RO         1997    .text               c_w.l(sys_stackheap_outer.o)
    0x0800aa6e   0x0000000c   Code   RO         1999    .text               c_w.l(exit.o)
    0x0800aa7a   0x00000002   PAD
    0x0800aa7c   0x00000080   Code   RO         2001    .text               c_w.l(strcmpv7m.o)
    0x0800aafc   0x0000003e   Code   RO         1959    CL$$btod_d2e        c_w.l(btod.o)
    0x0800ab3a   0x00000046   Code   RO         1961    CL$$btod_d2e_denorm_low  c_w.l(btod.o)
    0x0800ab80   0x00000060   Code   RO         1960    CL$$btod_d2e_norm_op1  c_w.l(btod.o)
    0x0800abe0   0x00000338   Code   RO         1969    CL$$btod_div_common  c_w.l(btod.o)
    0x0800af18   0x000000c6   Code   RO         1966    CL$$btod_e2e        c_w.l(btod.o)
    0x0800afde   0x00000028   Code   RO         1963    CL$$btod_ediv       c_w.l(btod.o)
    0x0800b006   0x00000028   Code   RO         1962    CL$$btod_emul       c_w.l(btod.o)
    0x0800b02e   0x00000244   Code   RO         1968    CL$$btod_mult_common  c_w.l(btod.o)
    0x0800b272   0x00000030   Code   RO         1992    i.__ARM_fpclassify  m_wm.l(fpclassify.o)
    0x0800b2a2   0x0000000e   Code   RO         1873    i._is_digit         c_w.l(__printf_wp.o)
    0x0800b2b0   0x0000002c   Code   RO         1986    locale$$code        c_w.l(lc_numeric_c.o)
    0x0800b2dc   0x0000000c   Code   RO         1925    x$fpl$dretinf       fz_wm.l(dretinf.o)
    0x0800b2e8   0x00000056   Code   RO         1901    x$fpl$f2d           fz_wm.l(f2d.o)
    0x0800b33e   0x0000008c   Code   RO         1927    x$fpl$fnaninf       fz_wm.l(fnaninf.o)
    0x0800b3ca   0x0000000a   Code   RO         2056    x$fpl$fpinit        fz_wm.l(fpinit.o)
    0x0800b3d4   0x00000004   Code   RO         1903    x$fpl$printf1       fz_wm.l(printf1.o)
    0x0800b3d8   0x00000000   Code   RO         1929    x$fpl$usenofp       fz_wm.l(usenofp.o)
    0x0800b3d8   0x000017c0   Data   RO          696    .constdata          lcd.o
    0x0800cb98   0x00000150   Data   RO          822    .constdata          ov7670.o
    0x0800cce8   0x0000001c   Data   RO         1222    .constdata          stm32f4xx_fsmc.o
    0x0800cd04   0x00000094   Data   RO         1957    .constdata          c_w.l(bigflt0.o)
    0x0800cd98   0x00000020   Data   RO         2126    Region$$Table       anon$$obj.o
    0x0800cdb8   0x0000001c   Data   RO         1985    locale$$data        c_w.l(lc_numeric_c.o)


    Execution Region RW_IRAM1 (Base: 0x20000000, Size: 0x00005cd8, Max: 0x00020000, ABSOLUTE, COMPRESSED[0x00000048])

    Base Addr    Size         Type   Attr      Idx    E Section Name        Object

    0x20000000   0x00000003   Data   RW            4    .data               main.o
    0x20000003   0x00000001   PAD
    0x20000004   0x00000014   Data   RW          266    .data               system_stm32f4xx.o
    0x20000018   0x00000044   Data   RW          292    .data               app.o
    0x2000005c   0x00000006   Data   RW          427    .data               task1.o
    0x20000062   0x00000002   PAD
    0x20000064   0x00000004   Data   RW          455    .data               task2.o
    0x20000068   0x00000004   Data   RW          479    .data               task3.o
    0x2000006c   0x00000004   Data   RW          503    .data               task4.o
    0x20000070   0x00000004   Data   RW          527    .data               delay.o
    0x20000074   0x00000006   Data   RW          568    .data               usart.o
    0x2000007a   0x00000002   Data   RW          603    .data               usart3.o
    0x2000007c   0x00000002   Data   RW          653    .data               beed.o
    0x2000007e   0x00000012   Data   RW          697    .data               lcd.o
    0x20000090   0x00000004   Data   RW          729    .data               timer.o
    0x20000094   0x0000003c   Data   RW          752    .data               pid.o
    0x200000d0   0x00000004   Data   RW          798    .data               servopwmout.o
    0x200000d4   0x00000002   Data   RW          823    .data               ov7670.o
    0x200000d6   0x00000010   Data   RW         1408    .data               stm32f4xx_rcc.o
    0x200000e6   0x00000002   PAD
    0x200000e8   0x0000003c   Data   RW         1719    .data               tasks.o
    0x20000124   0x00000014   Data   RW         1758    .data               timers.o
    0x20000138   0x00000018   Data   RW         1788    .data               heap_4.o
    0x20000150   0x0000000c   Data   RW         1811    .data               port.o
    0x2000015c   0x000000c8   Zero   RW          567    .bss                usart.o
    0x20000224   0x000000c8   Zero   RW          602    .bss                usart3.o
    0x200002ec   0x00000018   Zero   RW          821    .bss                ov7670.o
    0x20000304   0x00000026   Zero   RW          872    .bss                target.o
    0x2000032a   0x00000002   PAD
    0x2000032c   0x00000040   Zero   RW         1692    .bss                queue.o
    0x2000036c   0x000002e4   Zero   RW         1718    .bss                tasks.o
    0x20000650   0x00000028   Zero   RW         1757    .bss                timers.o
    0x20000678   0x00005000   Zero   RW         1787    .bss                heap_4.o
    0x20005678   0x00000060   Zero   RW         1995    .bss                c_w.l(libspace.o)
    0x200056d8   0x00000200   Zero   RW         1778    HEAP                startup_stm32f40_41xxx.o
    0x200058d8   0x00000400   Zero   RW         1777    STACK               startup_stm32f40_41xxx.o


==============================================================================

Image component sizes


      Code (inc. data)   RO Data    RW Data    ZI Data      Debug   Object Name

      4224        554          0         68          0     238247   app.o
       272         16          0          2          0       1580   beed.o
       236         10          0          4          0       1605   delay.o
         0          0          0          0          0       7844   event_groups.o
       424         42          0          0          0       1574   function.o
       800         46          0          0          0       2148   gpio.o
       672         82          0         24      20480       3320   heap_4.o
       428         22          0          0          0        992   key.o
      4832        170       6080         18          0      13597   lcd.o
        64          4          0          0          0        791   led.o
       148          0          0          0          0       1910   list.o
       356         70          0          3          0      76408   main.o
       224         20          0          0          0       1797   misc.o
      1372         42        336          2         24       4285   ov7670.o
       932         72          0         60          0       2344   pid.o
       938        112          0         12          0       8243   port.o
      3344         56          0          0         64      15790   queue.o
       684         14          0          0          0       1983   sccb.o
       632         26          0          4          0       2953   servopwmout.o
        64         26        392          0       1536        828   startup_stm32f40_41xxx.o
       272         10          0          0          0       2243   stm32f4xx_exti.o
      1480         18         28          0          0       5586   stm32f4xx_fsmc.o
       660         44          0          0          0       4073   stm32f4xx_gpio.o
        20          0          0          0          0        935   stm32f4xx_it.o
      1628         52          0         16          0      12852   stm32f4xx_rcc.o
       148         12          0          0          0       1833   stm32f4xx_syscfg.o
      3234         60          0          0          0      22280   stm32f4xx_tim.o
      1108         34          0          0          0       7776   stm32f4xx_usart.o
       528         46          0         20          0       1747   system_stm32f4xx.o
       808          8          0          0         38       3372   target.o
       516         76          0          6          0       1175   task1.o
        48         16          0          4          0        915   task2.o
        48         16          0          4          0        915   task3.o
        48         16          0          4          0        915   task4.o
      6156        406          0         60        740      31264   tasks.o
       216         14          0          4          0       1267   timer.o
      1600        112          0         20         40       8404   timers.o
       372         16          0          6        200       3735   usart.o
       396         30          0          2        200       2067   usart3.o

    ----------------------------------------------------------------------
     39936       2370       6868        348      23324     501593   Object Totals
         0          0         32          0          0          0   (incl. Generated)
         4          0          0          5          2          0   (incl. Padding)

    ----------------------------------------------------------------------

      Code (inc. data)   RO Data    RW Data    ZI Data      Debug   Library Member Name

        90          0          0          0          0          0   __dczerorl2.o
         8          0          0          0          0         68   __main.o
       284          0          0          0          0        156   __printf_wp.o
        52          8          0          0          0          0   __scatter.o
        28          0          0          0          0          0   __scatter_zi.o
         6          0          0          0          0          0   _printf_c.o
        44          0          0          0          0        108   _printf_char.o
        48          6          0          0          0         96   _printf_char_common.o
        36          4          0          0          0         80   _printf_char_file.o
         6          0          0          0          0          0   _printf_d.o
       116         16          0          0          0         92   _printf_dec.o
         6          0          0          0          0          0   _printf_f.o
      1046          0          0          0          0        216   _printf_fp_dec.o
       128         16          0          0          0         84   _printf_fp_infnan.o
       178          0          0          0          0         88   _printf_intcommon.o
         0          0          0          0          0          0   _printf_percent.o
         4          0          0          0          0          0   _printf_percent_end.o
         6          0          0          0          0          0   _printf_s.o
        82          0          0          0          0         80   _printf_str.o
         6          0          0          0          0          0   _printf_u.o
        10          0          0          0          0         68   _sputc.o
        16          0          0          0          0         68   aeabi_memset.o
       216          4        148          0          0         96   bigflt0.o
      1910        128          0          0          0        672   btod.o
        12          0          0          0          0         72   exit.o
         8          0          0          0          0         68   ferror.o
         6          0          0          0          0        152   heapauxi.o
        44         10         28          0          0         76   lc_numeric_c.o
         2          0          0          0          0          0   libinit.o
        22          0          0          0          0          0   libinit2.o
         2          0          0          0          0          0   libshutdown.o
         2          0          0          0          0          0   libshutdown2.o
         8          4          0          0         96         68   libspace.o
       138          0          0          0          0         80   lludiv10.o
        24          4          0          0          0         84   noretval__2printf.o
        40          6          0          0          0         84   noretval__2sprintf.o
         8          4          0          0          0         68   rt_locale_intlibspace.o
        68          0          0          0          0         68   rt_memclr.o
        78          0          0          0          0         80   rt_memclr_w.o
       138          0          0          0          0         68   rt_memcpy_v6.o
       100          0          0          0          0         80   rt_memcpy_w.o
         0          0          0          0          0          0   rtentry.o
        12          0          0          0          0          0   rtentry2.o
         6          0          0          0          0          0   rtentry4.o
         2          0          0          0          0          0   rtexit.o
        10          0          0          0          0          0   rtexit2.o
       128          0          0          0          0         68   strcmpv7m.o
        72          0          0          0          0         80   strcpy.o
        62          0          0          0          0         76   strlen.o
        74          0          0          0          0         80   sys_stackheap_outer.o
         2          0          0          0          0         68   use_no_semi.o
         2          0          0          0          0         68   use_no_semi_2.o
        12          0          0          0          0        116   dretinf.o
        86          4          0          0          0        132   f2d.o
       140          4          0          0          0        132   fnaninf.o
        10          0          0          0          0        116   fpinit.o
         4          0          0          0          0        116   printf1.o
         0          0          0          0          0          0   usenofp.o
        48          0          0          0          0        124   fpclassify.o

    ----------------------------------------------------------------------
      5712        218        176          0         96       4196   Library Totals
        16          0          0          0          0          0   (incl. Padding)

    ----------------------------------------------------------------------

      Code (inc. data)   RO Data    RW Data    ZI Data      Debug   Library Name

      5396        210        176          0         96       3460   c_w.l
       252          8          0          0          0        612   fz_wm.l
        48          0          0          0          0        124   m_wm.l

    ----------------------------------------------------------------------
      5712        218        176          0         96       4196   Library Totals

    ----------------------------------------------------------------------

==============================================================================


      Code (inc. data)   RO Data    RW Data    ZI Data      Debug   

     45648       2588       7044        348      23420     495613   Grand Totals
     45648       2588       7044         72      23420     495613   ELF Image Totals (compressed)
     45648       2588       7044         72          0          0   ROM Totals

==============================================================================

    Total RO  Size (Code + RO Data)                52692 (  51.46kB)
    Total RW  Size (RW Data + ZI Data)             23768 (  23.21kB)
    Total ROM Size (Code + RO Data + RW Data)      52764 (  51.53kB)

==============================================================================

